Archive member included to satisfy reference by file (symbol)

.\CortexM3\ARM_GCC_541\Debug\SDHD_Lab.a(UART.o)
                              .\CortexM3\ARM_GCC_541\Debug\main.o (UART_Start)
.\CortexM3\ARM_GCC_541\Debug\SDHD_Lab.a(Green_LED.o)
                              .\CortexM3\ARM_GCC_541\Debug\main.o (Green_LED_Write)
.\CortexM3\ARM_GCC_541\Debug\SDHD_Lab.a(Yellow_LED.o)
                              .\CortexM3\ARM_GCC_541\Debug\main.o (Yellow_LED_Write)
.\CortexM3\ARM_GCC_541\Debug\SDHD_Lab.a(Red_LED.o)
                              .\CortexM3\ARM_GCC_541\Debug\main.o (Red_LED_Write)
.\CortexM3\ARM_GCC_541\Debug\SDHD_Lab.a(Push_button.o)
                              .\CortexM3\ARM_GCC_541\Debug\main.o (Push_button_ClearInterrupt)
.\CortexM3\ARM_GCC_541\Debug\SDHD_Lab.a(isr_button.o)
                              .\CortexM3\ARM_GCC_541\Debug\main.o (isr_button_StartEx)
.\CortexM3\ARM_GCC_541\Debug\SDHD_Lab.a(isr_UART.o)
                              .\CortexM3\ARM_GCC_541\Debug\main.o (isr_UART_StartEx)
.\CortexM3\ARM_GCC_541\Debug\SDHD_Lab.a(WaveDAC.o)
                              .\CortexM3\ARM_GCC_541\Debug\main.o (WaveDAC_Start)
.\CortexM3\ARM_GCC_541\Debug\SDHD_Lab.a(ADC.o)
                              .\CortexM3\ARM_GCC_541\Debug\main.o (ADC_Start)
.\CortexM3\ARM_GCC_541\Debug\SDHD_Lab.a(ADC_INT.o)
                              .\CortexM3\ARM_GCC_541\Debug\SDHD_Lab.a(ADC.o) (ADC_ISR1)
.\CortexM3\ARM_GCC_541\Debug\SDHD_Lab.a(UART_IntClock.o)
                              .\CortexM3\ARM_GCC_541\Debug\SDHD_Lab.a(UART.o) (UART_IntClock_Start)
.\CortexM3\ARM_GCC_541\Debug\SDHD_Lab.a(WaveDAC_DacClk.o)
                              .\CortexM3\ARM_GCC_541\Debug\SDHD_Lab.a(WaveDAC.o) (WaveDAC_DacClk_Start)
.\CortexM3\ARM_GCC_541\Debug\SDHD_Lab.a(WaveDAC_Wave1_DMA_dma.o)
                              .\CortexM3\ARM_GCC_541\Debug\SDHD_Lab.a(WaveDAC.o) (WaveDAC_Wave1_DMA_DmaInitialize)
.\CortexM3\ARM_GCC_541\Debug\SDHD_Lab.a(WaveDAC_Wave2_DMA_dma.o)
                              .\CortexM3\ARM_GCC_541\Debug\SDHD_Lab.a(WaveDAC.o) (WaveDAC_Wave2_DMA_DmaInitialize)
.\CortexM3\ARM_GCC_541\Debug\SDHD_Lab.a(WaveDAC_VDAC8.o)
                              .\CortexM3\ARM_GCC_541\Debug\SDHD_Lab.a(WaveDAC.o) (WaveDAC_VDAC8_Enable)
.\CortexM3\ARM_GCC_541\Debug\SDHD_Lab.a(ADC_AMux.o)
                              .\CortexM3\ARM_GCC_541\Debug\SDHD_Lab.a(ADC.o) (ADC_AMux_Select)
.\CortexM3\ARM_GCC_541\Debug\SDHD_Lab.a(ADC_Ext_CP_Clk.o)
                              .\CortexM3\ARM_GCC_541\Debug\SDHD_Lab.a(ADC.o) (ADC_Ext_CP_Clk_SetModeRegister)
.\CortexM3\ARM_GCC_541\Debug\SDHD_Lab.a(ADC_theACLK.o)
                              .\CortexM3\ARM_GCC_541\Debug\SDHD_Lab.a(ADC.o) (ADC_theACLK_SetModeRegister)
.\CortexM3\ARM_GCC_541\Debug\SDHD_Lab.a(CyDmac.o)
                              .\CortexM3\ARM_GCC_541\Debug\Cm3Start.o (CyDmacConfigure)
.\CortexM3\ARM_GCC_541\Debug\SDHD_Lab.a(CyLib.o)
                              .\CortexM3\ARM_GCC_541\Debug\Cm3Start.o (CyHalt)
.\CortexM3\ARM_GCC_541\Debug\SDHD_Lab.a(cyPm.o)
                              .\CortexM3\ARM_GCC_541\Debug\SDHD_Lab.a(CyLib.o) (CyPmReadStatus)
.\CortexM3\ARM_GCC_541\Debug\SDHD_Lab.a(CyBootAsmGnu.o)
                              .\CortexM3\ARM_GCC_541\Debug\cyfitter_cfg.o (CyDelayCycles)
.\CortexM3\ARM_GCC_541\Debug\SDHD_Lab.a(CyFlash.o)
                              .\CortexM3\ARM_GCC_541\Debug\SDHD_Lab.a(cyPm.o) (CyFlash_SetWaitCycles)
.\CortexM3\ARM_GCC_541\Debug\SDHD_Lab.a(CySpc.o)
                              .\CortexM3\ARM_GCC_541\Debug\SDHD_Lab.a(CyFlash.o) (CySpcStart)
.\source\fft_application\libfft_application.a(fft_application.o)
                              .\CortexM3\ARM_GCC_541\Debug\main.o (fft_app)
.\source\fft_application\libfft_application.a(arm_rfft_q31.o)
                              .\source\fft_application\libfft_application.a(fft_application.o) (arm_rfft_q31)
.\source\fft_application\libfft_application.a(arm_rfft_init_q31.o)
                              .\source\fft_application\libfft_application.a(fft_application.o) (arm_rfft_init_q31)
.\source\fft_application\libfft_application.a(arm_cfft_q31.o)
                              .\source\fft_application\libfft_application.a(arm_rfft_q31.o) (arm_cfft_q31)
.\source\fft_application\libfft_application.a(arm_cfft_radix4_q31.o)
                              .\source\fft_application\libfft_application.a(arm_cfft_q31.o) (arm_radix4_butterfly_q31)
.\source\fft_application\libfft_application.a(arm_const_structs.o)
                              .\source\fft_application\libfft_application.a(arm_rfft_init_q31.o) (arm_cfft_sR_q31_len4096)
.\source\fft_application\libfft_application.a(arm_bitreversal2.o)
                              .\source\fft_application\libfft_application.a(arm_cfft_q31.o) (arm_bitreversal_32)
.\source\fft_application\libfft_application.a(arm_common_tables.o)
[...]
Memory Configuration

Name             Origin             Length             Attributes
rom              0x00000000         0x00040000         xr
ram              0x1fff8000         0x00010000         xrw
*default*        0x00000000         0xffffffff

Linker script and memory map

LOAD c:/program files (x86)/cypress/psoc creator/4.4/psoc creator/import/gnu/arm/5.4.1/bin/../lib/gcc/arm-none-eabi/5.4.1/armv7-m/crti.o
LOAD c:/program files (x86)/cypress/psoc creator/4.4/psoc creator/import/gnu/arm/5.4.1/bin/../lib/gcc/arm-none-eabi/5.4.1/armv7-m/crtbegin.o
LOAD c:/program files (x86)/cypress/psoc creator/4.4/psoc creator/import/gnu/arm/5.4.1/bin/../lib/gcc/arm-none-eabi/5.4.1/../../../../arm-none-eabi/lib/armv7-m/crt0.o
START GROUP
LOAD .\CortexM3\ARM_GCC_541\Debug\main.o
LOAD .\CortexM3\ARM_GCC_541\Debug\cyfitter_cfg.o
LOAD .\CortexM3\ARM_GCC_541\Debug\cymetadata.o
LOAD .\CortexM3\ARM_GCC_541\Debug\Cm3Start.o
LOAD .\CortexM3\ARM_GCC_541\Debug\SDHD_Lab.a
LOAD C:\Program Files (x86)\Cypress\PSoC Creator\4.4\PSoC Creator\psoc\content\cycomponentlibrary\CyComponentLibrary.cylib\CortexM3\ARM_GCC_541\Debug\CyComponentLibrary.a
LOAD .\source\fft_application\libfft_application.a
END GROUP
START GROUP
LOAD c:/program files (x86)/cypress/psoc creator/4.4/psoc creator/import/gnu/arm/5.4.1/bin/../lib/gcc/arm-none-eabi/5.4.1/armv7-m\libgcc.a
LOAD c:/program files (x86)/cypress/psoc creator/4.4/psoc creator/import/gnu/arm/5.4.1/bin/../lib/gcc/arm-none-eabi/5.4.1/../../../../arm-none-eabi/lib/armv7-m\libg_nano.a
LOAD c:/program files (x86)/cypress/psoc creator/4.4/psoc creator/import/gnu/arm/5.4.1/bin/../lib/gcc/arm-none-eabi/5.4.1/../../../../arm-none-eabi/lib/armv7-m\libc_nano.a
END GROUP
START GROUP
LOAD c:/program files (x86)/cypress/psoc creator/4.4/psoc creator/import/gnu/arm/5.4.1/bin/../lib/gcc/arm-none-eabi/5.4.1/armv7-m\libgcc.a
LOAD c:/program files (x86)/cypress/psoc creator/4.4/psoc creator/import/gnu/arm/5.4.1/bin/../lib/gcc/arm-none-eabi/5.4.1/../../../../arm-none-eabi/lib/armv7-m\libc_nano.a
END GROUP
LOAD c:/program files (x86)/cypress/psoc creator/4.4/psoc creator/import/gnu/arm/5.4.1/bin/../lib/gcc/arm-none-eabi/5.4.1/armv7-m/crtend.o
LOAD c:/program files (x86)/cypress/psoc creator/4.4/psoc creator/import/gnu/arm/5.4.1/bin/../lib/gcc/arm-none-eabi/5.4.1/armv7-m/crtn.o
START GROUP
LOAD c:/program files (x86)/cypress/psoc creator/4.4/psoc creator/import/gnu/arm/5.4.1/bin/../lib/gcc/arm-none-eabi/5.4.1/armv7-m\libgcc.a
LOAD c:/program files (x86)/cypress/psoc creator/4.4/psoc creator/import/gnu/arm/5.4.1/bin/../lib/gcc/arm-none-eabi/5.4.1/../../../../arm-none-eabi/lib/armv7-m\libc.a
LOAD c:/program files (x86)/cypress/psoc creator/4.4/psoc creator/import/gnu/arm/5.4.1/bin/../lib/gcc/arm-none-eabi/5.4.1/../../../../arm-none-eabi/lib/armv7-m\libnosys.a
END GROUP
                0x00000000                CY_APPL_ORIGIN = 0x0
                0x00000100                CY_FLASH_ROW_SIZE = 0x100
                0x00000020                CY_ECC_ROW_SIZE = 0x20
                0x00000000                CY_EE_IN_BTLDR = 0x0
                0x00000000                CY_APPL_LOADABLE = 0x0
                0x00000800                CY_EE_SIZE = 0x800
                0x00000001                CY_APPL_NUM = 0x1
                0x00000001                CY_APPL_MAX = 0x1
                0x00000040                CY_METADATA_SIZE = 0x40
                0x00000000                CY_APPL_LOADABLE = 0x0
                0x00000000                CY_CHECKSUM_EXCLUDE_SIZE = ALIGN (0x0, CY_FLASH_ROW_SIZE)
                [!provide]                PROVIDE (__cy_heap_start, _end)
                0x00000001                PROVIDE (__cy_region_num, ((__cy_regions_end - __cy_regions) / 0x10))
                0x20008000                PROVIDE (__cy_stack, (ORIGIN (ram) + LENGTH (ram)))
                [!provide]                PROVIDE (__cy_heap_end, (__cy_stack - 0x800))

.cybootloader   0x00000000        0x0
 *(.cybootloader)
                0x00000000                appl1_start = CY_APPL_ORIGIN?CY_APPL_ORIGIN:ALIGN (CY_FLASH_ROW_SIZE)
                0x0001ff00                appl2_start = (appl1_start + ALIGN ((((LENGTH (rom) - appl1_start) - (0x2 * CY_FLASH_ROW_SIZE)) / 0x2), CY_FLASH_ROW_SIZE))
                0x00000000                appl_start = (CY_APPL_NUM == 0x1)?appl1_start:appl2_start
                0x00000000                ecc_offset = ((appl_start / CY_FLASH_ROW_SIZE) * CY_ECC_ROW_SIZE)
                0x00000000                ee_offset = (CY_APPL_LOADABLE && ! (CY_EE_IN_BTLDR))?((CY_EE_SIZE / CY_APPL_MAX) * (CY_APPL_NUM - 0x1)):0x0
                0x00000800                ee_size = (CY_APPL_LOADABLE && ! (CY_EE_IN_BTLDR))?(CY_EE_SIZE / CY_APPL_MAX):CY_EE_SIZE
                [!provide]                PROVIDE (CY_ECC_OFFSET, ecc_offset)

.text           0x00000000     0x2cc8
 CREATE_OBJECT_SYMBOLS
                0x00000000                PROVIDE (__cy_interrupt_vector, RomVectors)
 *(.romvectors)
 .romvectors    0x00000000       0x10 .\CortexM3\ARM_GCC_541\Debug\Cm3Start.o
                0x00000000                RomVectors
                0x00000001                ASSERT ((. != __cy_interrupt_vector), No interrupt vector)
                0x00000001                ASSERT (CY_APPL_ORIGIN?(SIZEOF (.cybootloader) <= CY_APPL_ORIGIN):0x1, Wrong image location)
                0x00000010                PROVIDE (__cy_reset, Reset)
 *(.text.Reset)
 .text.Reset    0x00000010       0x18 .\CortexM3\ARM_GCC_541\Debug\Cm3Start.o
                0x00000010                Reset
                0x00000001                ASSERT ((. != __cy_reset), No reset code)
 *(.dma_init)
                0x00000001                ASSERT ((((appl_start + .) <= 0x10000) || 0x1), DMA Init must be within the first 64k of flash)
 *(.text .text.* .gnu.linkonce.t.*)
 .text          0x00000028       0x5c c:/program files (x86)/cypress/psoc creator/4.4/psoc creator/import/gnu/arm/5.4.1/bin/../lib/gcc/arm-none-eabi/5.4.1/armv7-m/crtbegin.o
 .text.isr_button_RisingEdge_Interrupt
                0x00000084       0x1c .\CortexM3\ARM_GCC_541\Debug\main.o
                0x00000084                isr_button_RisingEdge_Interrupt
 .text.isr_UART
                0x000000a0       0x28 .\CortexM3\ARM_GCC_541\Debug\main.o
                0x000000a0                isr_UART
 .text.stateMachine
                0x000000c8      0x14c .\CortexM3\ARM_GCC_541\Debug\main.o
                0x000000c8                stateMachine
 .text.main     0x00000214       0x30 .\CortexM3\ARM_GCC_541\Debug\main.o
                0x00000214                main
 .text.CyClockStartupError
                0x00000244        0x4 .\CortexM3\ARM_GCC_541\Debug\cyfitter_cfg.o
 .text.cfg_write_bytes32
                0x00000248       0x34 .\CortexM3\ARM_GCC_541\Debug\cyfitter_cfg.o
 .text.AnalogSetDefault
                0x0000027c       0x40 .\CortexM3\ARM_GCC_541\Debug\cyfitter_cfg.o
 .text.CYMEMZERO
                0x000002bc        0xc .\CortexM3\ARM_GCC_541\Debug\cyfitter_cfg.o
 .text.CYCONFIGCPY
                0x000002c8        0x8 .\CortexM3\ARM_GCC_541\Debug\cyfitter_cfg.o
 .text.ClockSetup
                0x000002d0       0xfc .\CortexM3\ARM_GCC_541\Debug\cyfitter_cfg.o
 .text.ADC_AMux_Set
                0x000003cc       0x1c .\CortexM3\ARM_GCC_541\Debug\cyfitter_cfg.o
                0x000003cc                ADC_AMux_Set
 .text.ADC_AMux_Unset
                0x000003e8       0x1c .\CortexM3\ARM_GCC_541\Debug\cyfitter_cfg.o
                0x000003e8                ADC_AMux_Unset
 .text.cyfitter_cfg
                0x00000404      0x110 .\CortexM3\ARM_GCC_541\Debug\cyfitter_cfg.o
                0x00000404                cyfitter_cfg
 .text.IntDefaultHandler
                0x00000514       0x10 .\CortexM3\ARM_GCC_541\Debug\Cm3Start.o
                0x00000514                IntDefaultHandler
 .text._sbrk    0x00000524       0x30 .\CortexM3\ARM_GCC_541\Debug\Cm3Start.o
                0x00000524                _sbrk
 .text.Start_c  0x00000554       0x4c .\CortexM3\ARM_GCC_541\Debug\Cm3Start.o
                0x00000554                Start_c
 .text.initialize_psoc
                0x000005a0       0x6c .\CortexM3\ARM_GCC_541\Debug\Cm3Start.o
                0x000005a0                initialize_psoc
 .text.UART_Init
                0x0000060c       0x24 .\CortexM3\ARM_GCC_541\Debug\SDHD_Lab.a(UART.o)
                0x0000060c                UART_Init
 .text.UART_Enable
                0x00000630       0x38 .\CortexM3\ARM_GCC_541\Debug\SDHD_Lab.a(UART.o)
                0x00000630                UART_Enable
 .text.UART_Start
                0x00000668       0x1c .\CortexM3\ARM_GCC_541\Debug\SDHD_Lab.a(UART.o)
                0x00000668                UART_Start
 .text.UART_GetChar
                0x00000684       0x2c .\CortexM3\ARM_GCC_541\Debug\SDHD_Lab.a(UART.o)
                0x00000684                UART_GetChar
 .text.UART_PutChar
                0x000006b0       0x18 .\CortexM3\ARM_GCC_541\Debug\SDHD_Lab.a(UART.o)
                0x000006b0                UART_PutChar
 .text.Green_LED_Write
                0x000006c8       0x18 .\CortexM3\ARM_GCC_541\Debug\SDHD_Lab.a(Green_LED.o)
                0x000006c8                Green_LED_Write
 .text.Yellow_LED_Write
                0x000006e0       0x18 .\CortexM3\ARM_GCC_541\Debug\SDHD_Lab.a(Yellow_LED.o)
                0x000006e0                Yellow_LED_Write
 .text.Red_LED_Write
                0x000006f8       0x18 .\CortexM3\ARM_GCC_541\Debug\SDHD_Lab.a(Red_LED.o)
                0x000006f8                Red_LED_Write
 .text.Push_button_ClearInterrupt
                0x00000710        0xc .\CortexM3\ARM_GCC_541\Debug\SDHD_Lab.a(Push_button.o)
                0x00000710                Push_button_ClearInterrupt
 .text.isr_button_SetVector
                0x0000071c        0xc .\CortexM3\ARM_GCC_541\Debug\SDHD_Lab.a(isr_button.o)
                0x0000071c                isr_button_SetVector
 .text.isr_button_SetPriority
                0x00000728       0x10 .\CortexM3\ARM_GCC_541\Debug\SDHD_Lab.a(isr_button.o)
                0x00000728                isr_button_SetPriority
 .text.isr_button_Enable
                0x00000738        0xc .\CortexM3\ARM_GCC_541\Debug\SDHD_Lab.a(isr_button.o)
                0x00000738                isr_button_Enable
 .text.isr_button_Disable
                0x00000744        0xc .\CortexM3\ARM_GCC_541\Debug\SDHD_Lab.a(isr_button.o)
                0x00000744                isr_button_Disable
 .text.isr_button_StartEx
                0x00000750       0x1c .\CortexM3\ARM_GCC_541\Debug\SDHD_Lab.a(isr_button.o)
                0x00000750                isr_button_StartEx
 .text.isr_UART_SetVector
                0x0000076c        0xc .\CortexM3\ARM_GCC_541\Debug\SDHD_Lab.a(isr_UART.o)
                0x0000076c                isr_UART_SetVector
 .text.isr_UART_SetPriority
                0x00000778       0x10 .\CortexM3\ARM_GCC_541\Debug\SDHD_Lab.a(isr_UART.o)
                0x00000778                isr_UART_SetPriority
 .text.isr_UART_Enable
                0x00000788        0xc .\CortexM3\ARM_GCC_541\Debug\SDHD_Lab.a(isr_UART.o)
                0x00000788                isr_UART_Enable
 .text.isr_UART_Disable
                0x00000794        0xc .\CortexM3\ARM_GCC_541\Debug\SDHD_Lab.a(isr_UART.o)
                0x00000794                isr_UART_Disable
 .text.isr_UART_StartEx
                0x000007a0       0x1c .\CortexM3\ARM_GCC_541\Debug\SDHD_Lab.a(isr_UART.o)
                0x000007a0                isr_UART_StartEx
 .text.WaveDAC_Enable
                0x000007bc       0x28 .\CortexM3\ARM_GCC_541\Debug\SDHD_Lab.a(WaveDAC.o)
                0x000007bc                WaveDAC_Enable
 .text.WaveDAC_Wave1Setup
                0x000007e4       0x40 .\CortexM3\ARM_GCC_541\Debug\SDHD_Lab.a(WaveDAC.o)
                0x000007e4                WaveDAC_Wave1Setup
 .text.WaveDAC_Wave2Setup
                0x00000824       0x40 .\CortexM3\ARM_GCC_541\Debug\SDHD_Lab.a(WaveDAC.o)
                0x00000824                WaveDAC_Wave2Setup
 .text.WaveDAC_Init
                0x00000864       0x40 .\CortexM3\ARM_GCC_541\Debug\SDHD_Lab.a(WaveDAC.o)
                0x00000864                WaveDAC_Init
 .text.WaveDAC_Start
                0x000008a4       0x1c .\CortexM3\ARM_GCC_541\Debug\SDHD_Lab.a(WaveDAC.o)
                0x000008a4                WaveDAC_Start
 .text.ADC_GainCompensation
                0x000008c0       0xe0 .\CortexM3\ARM_GCC_541\Debug\SDHD_Lab.a(ADC.o)
 .text.ADC_SetDSMRef0Reg
                0x000009a0       0x4c .\CortexM3\ARM_GCC_541\Debug\SDHD_Lab.a(ADC.o)
 .text.ADC_InitConfig
                0x000009ec      0x338 .\CortexM3\ARM_GCC_541\Debug\SDHD_Lab.a(ADC.o)
 .text.ADC_Init
                0x00000d24      0x108 .\CortexM3\ARM_GCC_541\Debug\SDHD_Lab.a(ADC.o)
                0x00000d24                ADC_Init
 .text.ADC_Enable
                0x00000e2c       0xd8 .\CortexM3\ARM_GCC_541\Debug\SDHD_Lab.a(ADC.o)
                0x00000e2c                ADC_Enable
 .text.ADC_Start
                0x00000f04       0x28 .\CortexM3\ARM_GCC_541\Debug\SDHD_Lab.a(ADC.o)
                0x00000f04                ADC_Start
 .text.ADC_StartConvert
                0x00000f2c       0x10 .\CortexM3\ARM_GCC_541\Debug\SDHD_Lab.a(ADC.o)
                0x00000f2c                ADC_StartConvert
 .text.ADC_IsEndConversion
                0x00000f3c       0x30 .\CortexM3\ARM_GCC_541\Debug\SDHD_Lab.a(ADC.o)
                0x00000f3c                ADC_IsEndConversion
 .text.ADC_GetResult32
                0x00000f6c       0x6c .\CortexM3\ARM_GCC_541\Debug\SDHD_Lab.a(ADC.o)
                0x00000f6c                ADC_GetResult32
 .text.ADC_ISR1
                0x00000fd8        0x4 .\CortexM3\ARM_GCC_541\Debug\SDHD_Lab.a(ADC_INT.o)
                0x00000fd8                ADC_ISR1
 .text.ADC_ISR2
                0x00000fdc        0x4 .\CortexM3\ARM_GCC_541\Debug\SDHD_Lab.a(ADC_INT.o)
                0x00000fdc                ADC_ISR2
 .text.ADC_ISR3
                0x00000fe0        0x4 .\CortexM3\ARM_GCC_541\Debug\SDHD_Lab.a(ADC_INT.o)
                0x00000fe0                ADC_ISR3
 .text.ADC_ISR4
                0x00000fe4        0x4 .\CortexM3\ARM_GCC_541\Debug\SDHD_Lab.a(ADC_INT.o)
                0x00000fe4                ADC_ISR4
 .text.UART_IntClock_Start
                0x00000fe8       0x1c .\CortexM3\ARM_GCC_541\Debug\SDHD_Lab.a(UART_IntClock.o)
                0x00000fe8                UART_IntClock_Start
 .text.WaveDAC_DacClk_Start
                0x00001004       0x1c .\CortexM3\ARM_GCC_541\Debug\SDHD_Lab.a(WaveDAC_DacClk.o)
                0x00001004                WaveDAC_DacClk_Start
 .text.WaveDAC_Wave1_DMA_DmaInitialize
                0x00001020       0x3c .\CortexM3\ARM_GCC_541\Debug\SDHD_Lab.a(WaveDAC_Wave1_DMA_dma.o)
                0x00001020                WaveDAC_Wave1_DMA_DmaInitialize
 .text.WaveDAC_Wave2_DMA_DmaInitialize
                0x0000105c       0x3c .\CortexM3\ARM_GCC_541\Debug\SDHD_Lab.a(WaveDAC_Wave2_DMA_dma.o)
                0x0000105c                WaveDAC_Wave2_DMA_DmaInitialize
 .text.WaveDAC_VDAC8_Enable
                0x00001098       0x1c .\CortexM3\ARM_GCC_541\Debug\SDHD_Lab.a(WaveDAC_VDAC8.o)
                0x00001098                WaveDAC_VDAC8_Enable
 .text.WaveDAC_VDAC8_SetSpeed
                0x000010b4       0x1c .\CortexM3\ARM_GCC_541\Debug\SDHD_Lab.a(WaveDAC_VDAC8.o)
                0x000010b4                WaveDAC_VDAC8_SetSpeed
 .text.WaveDAC_VDAC8_SetValue
                0x000010d0        0xc .\CortexM3\ARM_GCC_541\Debug\SDHD_Lab.a(WaveDAC_VDAC8.o)
                0x000010d0                WaveDAC_VDAC8_SetValue
 .text.WaveDAC_VDAC8_DacTrim
                0x000010dc       0x24 .\CortexM3\ARM_GCC_541\Debug\SDHD_Lab.a(WaveDAC_VDAC8.o)
                0x000010dc                WaveDAC_VDAC8_DacTrim
 .text.WaveDAC_VDAC8_SetRange
                0x00001100       0x20 .\CortexM3\ARM_GCC_541\Debug\SDHD_Lab.a(WaveDAC_VDAC8.o)
                0x00001100                WaveDAC_VDAC8_SetRange
 .text.WaveDAC_VDAC8_Init
                0x00001120       0x2c .\CortexM3\ARM_GCC_541\Debug\SDHD_Lab.a(WaveDAC_VDAC8.o)
                0x00001120                WaveDAC_VDAC8_Init
 .text.ADC_AMux_Start
                0x0000114c       0x20 .\CortexM3\ARM_GCC_541\Debug\SDHD_Lab.a(ADC_AMux.o)
                0x0000114c                ADC_AMux_Start
 .text.ADC_AMux_Select
                0x0000116c       0x18 .\CortexM3\ARM_GCC_541\Debug\SDHD_Lab.a(ADC_AMux.o)
                0x0000116c                ADC_AMux_Select
 .text.ADC_Ext_CP_Clk_GetDividerRegister
                0x00001184        0xc .\CortexM3\ARM_GCC_541\Debug\SDHD_Lab.a(ADC_Ext_CP_Clk.o)
                0x00001184                ADC_Ext_CP_Clk_GetDividerRegister
 .text.ADC_Ext_CP_Clk_SetModeRegister
                0x00001190       0x14 .\CortexM3\ARM_GCC_541\Debug\SDHD_Lab.a(ADC_Ext_CP_Clk.o)
                0x00001190                ADC_Ext_CP_Clk_SetModeRegister
 .text.ADC_Ext_CP_Clk_GetSourceRegister
                0x000011a4       0x10 .\CortexM3\ARM_GCC_541\Debug\SDHD_Lab.a(ADC_Ext_CP_Clk.o)
                0x000011a4                ADC_Ext_CP_Clk_GetSourceRegister
 .text.ADC_Ext_CP_Clk_SetDividerRegister
                0x000011b4       0xd8 .\CortexM3\ARM_GCC_541\Debug\SDHD_Lab.a(ADC_Ext_CP_Clk.o)
                0x000011b4                ADC_Ext_CP_Clk_SetDividerRegister
 .text.ADC_theACLK_GetDividerRegister
                0x0000128c        0xc .\CortexM3\ARM_GCC_541\Debug\SDHD_Lab.a(ADC_theACLK.o)
                0x0000128c                ADC_theACLK_GetDividerRegister
 .text.ADC_theACLK_SetModeRegister
                0x00001298       0x14 .\CortexM3\ARM_GCC_541\Debug\SDHD_Lab.a(ADC_theACLK.o)
                0x00001298                ADC_theACLK_SetModeRegister
 .text.ADC_theACLK_GetSourceRegister
                0x000012ac       0x10 .\CortexM3\ARM_GCC_541\Debug\SDHD_Lab.a(ADC_theACLK.o)
                0x000012ac                ADC_theACLK_GetSourceRegister
 .text.ADC_theACLK_SetDividerRegister
                0x000012bc       0xd8 .\CortexM3\ARM_GCC_541\Debug\SDHD_Lab.a(ADC_theACLK.o)
                0x000012bc                ADC_theACLK_SetDividerRegister
 .text.CyDmacConfigure
                0x00001394       0x34 .\CortexM3\ARM_GCC_541\Debug\SDHD_Lab.a(CyDmac.o)
                0x00001394                CyDmacConfigure
 .text.CyDmaChEnable
                0x000013c8       0x38 .\CortexM3\ARM_GCC_541\Debug\SDHD_Lab.a(CyDmac.o)
                0x000013c8                CyDmaChEnable
 .text.CyDmaChPriority
                0x00001400       0x24 .\CortexM3\ARM_GCC_541\Debug\SDHD_Lab.a(CyDmac.o)
                0x00001400                CyDmaChPriority
 .text.CyDmaChSetExtendedAddress
                0x00001424       0x34 .\CortexM3\ARM_GCC_541\Debug\SDHD_Lab.a(CyDmac.o)
                0x00001424                CyDmaChSetExtendedAddress
 .text.CyDmaChSetInitialTd
                0x00001458       0x18 .\CortexM3\ARM_GCC_541\Debug\SDHD_Lab.a(CyDmac.o)
                0x00001458                CyDmaChSetInitialTd
 .text.CyDmaChSetConfiguration
                0x00001470       0x44 .\CortexM3\ARM_GCC_541\Debug\SDHD_Lab.a(CyDmac.o)
                0x00001470                CyDmaChSetConfiguration
 .text.CyDmaTdAllocate
                0x000014b4       0x34 .\CortexM3\ARM_GCC_541\Debug\SDHD_Lab.a(CyDmac.o)
                0x000014b4                CyDmaTdAllocate
 .text.CyDmaTdSetConfiguration
                0x000014e8       0x28 .\CortexM3\ARM_GCC_541\Debug\SDHD_Lab.a(CyDmac.o)
                0x000014e8                CyDmaTdSetConfiguration
 .text.CyDmaTdSetAddress
                0x00001510       0x1c .\CortexM3\ARM_GCC_541\Debug\SDHD_Lab.a(CyDmac.o)
                0x00001510                CyDmaTdSetAddress
 .text.CyHalt   0x0000152c        0x4 .\CortexM3\ARM_GCC_541\Debug\SDHD_Lab.a(CyLib.o)
                0x0000152c                CyHalt
 .text.CyDelayUs
                0x00001530       0x14 .\CortexM3\ARM_GCC_541\Debug\SDHD_Lab.a(CyLib.o)
                0x00001530                CyDelayUs
 .text.CyIntSetVector
                0x00001544       0x28 .\CortexM3\ARM_GCC_541\Debug\SDHD_Lab.a(CyLib.o)
                0x00001544                CyIntSetVector
 .text.CyIntSetPriority
                0x0000156c       0x30 .\CortexM3\ARM_GCC_541\Debug\SDHD_Lab.a(CyLib.o)
                0x0000156c                CyIntSetPriority
 *fill*         0x0000159c        0x4 
 .text          0x000015a0       0x20 .\CortexM3\ARM_GCC_541\Debug\SDHD_Lab.a(CyBootAsmGnu.o)
                0x000015a0                CyDelayCycles
                0x000015b0                CyEnterCriticalSection
                0x000015b8                CyExitCriticalSection
 .text.fft_app  0x000015c0       0x44 .\source\fft_application\libfft_application.a(fft_application.o)
                0x000015c0                fft_app
 .text.arm_split_rfft_q31
                0x00001604      0x21c .\source\fft_application\libfft_application.a(arm_rfft_q31.o)
                0x00001604                arm_split_rfft_q31
 .text.arm_split_rifft_q31
                0x00001820      0x1bc .\source\fft_application\libfft_application.a(arm_rfft_q31.o)
                0x00001820                arm_split_rifft_q31
 .text.arm_rfft_q31
                0x000019dc       0x70 .\source\fft_application\libfft_application.a(arm_rfft_q31.o)
                0x000019dc                arm_rfft_q31
 .text.arm_rfft_init_q31
                0x00001a4c       0xf0 .\source\fft_application\libfft_application.a(arm_rfft_init_q31.o)
                0x00001a4c                arm_rfft_init_q31
 .text.arm_cfft_radix4by2_q31
                0x00001b3c      0x18c .\source\fft_application\libfft_application.a(arm_cfft_q31.o)
                0x00001b3c                arm_cfft_radix4by2_q31
 .text.arm_cfft_radix4by2_inverse_q31
                0x00001cc8      0x18c .\source\fft_application\libfft_application.a(arm_cfft_q31.o)
                0x00001cc8                arm_cfft_radix4by2_inverse_q31
 .text.arm_cfft_q31
                0x00001e54       0xbc .\source\fft_application\libfft_application.a(arm_cfft_q31.o)
                0x00001e54                arm_cfft_q31
 .text.arm_radix4_butterfly_q31
                0x00001f10      0x570 .\source\fft_application\libfft_application.a(arm_cfft_radix4_q31.o)
                0x00001f10                arm_radix4_butterfly_q31
 .text.arm_radix4_butterfly_inverse_q31
                0x00002480      0x570 .\source\fft_application\libfft_application.a(arm_cfft_radix4_q31.o)
                0x00002480                arm_radix4_butterfly_inverse_q31
 .text          0x000029f0       0xc0 .\source\fft_application\libfft_application.a(arm_bitreversal2.o)
                0x000029f0                arm_bitreversal_32
                0x00002a5a                arm_bitreversal_16
 .text.__errno  0x00002ab0        0xc c:/program files (x86)/cypress/psoc creator/4.4/psoc creator/import/gnu/arm/5.4.1/bin/../lib/gcc/arm-none-eabi/5.4.1/../../../../arm-none-eabi/lib/armv7-m\libg_nano.a(lib_a-errno.o)
                0x00002ab0                __errno
 .text.__libc_init_array
                0x00002abc       0x4c c:/program files (x86)/cypress/psoc creator/4.4/psoc creator/import/gnu/arm/5.4.1/bin/../lib/gcc/arm-none-eabi/5.4.1/../../../../arm-none-eabi/lib/armv7-m\libg_nano.a(lib_a-init.o)
                0x00002abc                __libc_init_array
 .text.malloc   0x00002b08       0x10 c:/program files (x86)/cypress/psoc creator/4.4/psoc creator/import/gnu/arm/5.4.1/bin/../lib/gcc/arm-none-eabi/5.4.1/../../../../arm-none-eabi/lib/armv7-m\libg_nano.a(lib_a-malloc.o)
                0x00002b08                malloc
 .text.free     0x00002b18       0x10 c:/program files (x86)/cypress/psoc creator/4.4/psoc creator/import/gnu/arm/5.4.1/bin/../lib/gcc/arm-none-eabi/5.4.1/../../../../arm-none-eabi/lib/armv7-m\libg_nano.a(lib_a-malloc.o)
                0x00002b18                free
 .text.memcpy   0x00002b28       0x16 c:/program files (x86)/cypress/psoc creator/4.4/psoc creator/import/gnu/arm/5.4.1/bin/../lib/gcc/arm-none-eabi/5.4.1/../../../../arm-none-eabi/lib/armv7-m\libg_nano.a(lib_a-memcpy-stub.o)
                0x00002b28                memcpy
 .text.memset   0x00002b3e       0x10 c:/program files (x86)/cypress/psoc creator/4.4/psoc creator/import/gnu/arm/5.4.1/bin/../lib/gcc/arm-none-eabi/5.4.1/../../../../arm-none-eabi/lib/armv7-m\libg_nano.a(lib_a-memset.o)
                0x00002b3e                memset
 *fill*         0x00002b4e        0x2 
 .text._free_r  0x00002b50       0x98 c:/program files (x86)/cypress/psoc creator/4.4/psoc creator/import/gnu/arm/5.4.1/bin/../lib/gcc/arm-none-eabi/5.4.1/../../../../arm-none-eabi/lib/armv7-m\libg_nano.a(lib_a-nano-freer.o)
                0x00002b50                _free_r
 .text._malloc_r
                0x00002be8       0xbc c:/program files (x86)/cypress/psoc creator/4.4/psoc creator/import/gnu/arm/5.4.1/bin/../lib/gcc/arm-none-eabi/5.4.1/../../../../arm-none-eabi/lib/armv7-m\libg_nano.a(lib_a-nano-mallocr.o)
                0x00002be8                _malloc_r
 .text._sbrk_r  0x00002ca4       0x20 c:/program files (x86)/cypress/psoc creator/4.4/psoc creator/import/gnu/arm/5.4.1/bin/../lib/gcc/arm-none-eabi/5.4.1/../../../../arm-none-eabi/lib/armv7-m\libg_nano.a(lib_a-sbrkr.o)
                0x00002ca4                _sbrk_r
 .text.__malloc_lock
                0x00002cc4        0x2 c:/program files (x86)/cypress/psoc creator/4.4/psoc creator/import/gnu/arm/5.4.1/bin/../lib/gcc/arm-none-eabi/5.4.1/../../../../arm-none-eabi/lib/armv7-m\libg_nano.a(lib_a-mlock.o)
                0x00002cc4                __malloc_lock
 .text.__malloc_unlock
                0x00002cc6        0x2 c:/program files (x86)/cypress/psoc creator/4.4/psoc creator/import/gnu/arm/5.4.1/bin/../lib/gcc/arm-none-eabi/5.4.1/../../../../arm-none-eabi/lib/armv7-m\libg_nano.a(lib_a-mlock.o)
                0x00002cc6                __malloc_unlock
 *(.plt)
 *(.gnu.warning)
 *(.glue_7t)
 .glue_7t       0x00002cc8        0x0 linker stubs
 *(.glue_7)
 .glue_7        0x00002cc8        0x0 linker stubs
 *(.vfp11_veneer)
 .vfp11_veneer  0x00002cc8        0x0 linker stubs
 *(.bootloader)
 *(.ARM.extab* .gnu.linkonce.armextab.*)
 *(.gcc_except_table)

.v4_bx          0x00002cc8        0x0
 .v4_bx         0x00002cc8        0x0 linker stubs

.iplt           0x00002cc8        0x0
 .iplt          0x00002cc8        0x0 c:/program files (x86)/cypress/psoc creator/4.4/psoc creator/import/gnu/arm/5.4.1/bin/../lib/gcc/arm-none-eabi/5.4.1/armv7-m/crtbegin.o

.eh_frame_hdr
 *(.eh_frame_hdr)

.eh_frame       0x00002cc8        0x4
 *(.eh_frame)
 .eh_frame      0x00002cc8        0x0 c:/program files (x86)/cypress/psoc creator/4.4/psoc creator/import/gnu/arm/5.4.1/bin/../lib/gcc/arm-none-eabi/5.4.1/armv7-m/crtbegin.o
 .eh_frame      0x00002cc8        0x4 c:/program files (x86)/cypress/psoc creator/4.4/psoc creator/import/gnu/arm/5.4.1/bin/../lib/gcc/arm-none-eabi/5.4.1/armv7-m/crtend.o
                [!provide]                PROVIDE (__exidx_start, .)

.ARM.exidx
 *(.ARM.exidx* .gnu.linkonce.armexidx.*)
                0x00002ccc                __exidx_end = .

.rodata         0x00002ccc    0x202ec
 *(.rodata .rodata.* .gnu.linkonce.r.*)
 .rodata        0x00002ccc       0x3c .\CortexM3\ARM_GCC_541\Debug\cyfitter_cfg.o
                0x00002ccc                ADC_AMux__addrTable
                0x00002cd4                ADC_AMux__maskTable
 .rodata        0x00002d08      0x44c .\CortexM3\ARM_GCC_541\Debug\SDHD_Lab.a(WaveDAC.o)
                0x00002d08                WaveDAC_wave1
                0x000030f0                WaveDAC_wave2
 .rodata.realCoefAQ31
                0x00003154     0x8000 .\source\fft_application\libfft_application.a(arm_rfft_init_q31.o)
                0x00003154                realCoefAQ31
 .rodata.realCoefBQ31
                0x0000b154     0x8000 .\source\fft_application\libfft_application.a(arm_rfft_init_q31.o)
                0x0000b154                realCoefBQ31
 .rodata.arm_cfft_sR_q31_len32
                0x00013154       0x10 .\source\fft_application\libfft_application.a(arm_const_structs.o)
                0x00013154                arm_cfft_sR_q31_len32
 .rodata.arm_cfft_sR_q31_len512
                0x00013164       0x10 .\source\fft_application\libfft_application.a(arm_const_structs.o)
                0x00013164                arm_cfft_sR_q31_len512
 .rodata.arm_cfft_sR_q31_len16
                0x00013174       0x10 .\source\fft_application\libfft_application.a(arm_const_structs.o)
                0x00013174                arm_cfft_sR_q31_len16
 .rodata.arm_cfft_sR_q31_len256
                0x00013184       0x10 .\source\fft_application\libfft_application.a(arm_const_structs.o)
                0x00013184                arm_cfft_sR_q31_len256
 .rodata.arm_cfft_sR_q31_len1024
                0x00013194       0x10 .\source\fft_application\libfft_application.a(arm_const_structs.o)
                0x00013194                arm_cfft_sR_q31_len1024
 .rodata.arm_cfft_sR_q31_len64
                0x000131a4       0x10 .\source\fft_application\libfft_application.a(arm_const_structs.o)
                0x000131a4                arm_cfft_sR_q31_len64
 .rodata.arm_cfft_sR_q31_len128
                0x000131b4       0x10 .\source\fft_application\libfft_application.a(arm_const_structs.o)
                0x000131b4                arm_cfft_sR_q31_len128
 .rodata.arm_cfft_sR_q31_len2048
                0x000131c4       0x10 .\source\fft_application\libfft_application.a(arm_const_structs.o)
                0x000131c4                arm_cfft_sR_q31_len2048
 .rodata.arm_cfft_sR_q31_len4096
                0x000131d4       0x10 .\source\fft_application\libfft_application.a(arm_const_structs.o)
                0x000131d4                arm_cfft_sR_q31_len4096
 .rodata.armBitRevIndexTable_fixed_128
                0x000131e4       0xe0 .\source\fft_application\libfft_application.a(arm_common_tables.o)
                0x000131e4                armBitRevIndexTable_fixed_128
 .rodata.armBitRevIndexTable_fixed_2048
                0x000132c4      0xf80 .\source\fft_application\libfft_application.a(arm_common_tables.o)
                0x000132c4                armBitRevIndexTable_fixed_2048
 .rodata.twiddleCoef_32_q31
                0x00014244       0xc0 .\source\fft_application\libfft_application.a(arm_common_tables.o)
                0x00014244                twiddleCoef_32_q31
 .rodata.armBitRevIndexTable_fixed_4096
                0x00014304     0x1f80 .\source\fft_application\libfft_application.a(arm_common_tables.o)
                0x00014304                armBitRevIndexTable_fixed_4096
 .rodata.armBitRevIndexTable_fixed_1024
                0x00016284      0x7c0 .\source\fft_application\libfft_application.a(arm_common_tables.o)
                0x00016284                armBitRevIndexTable_fixed_1024
 .rodata.twiddleCoef_1024_q31
                0x00016a44     0x1800 .\source\fft_application\libfft_application.a(arm_common_tables.o)
                0x00016a44                twiddleCoef_1024_q31
 .rodata.twiddleCoef_4096_q31
                0x00018244     0x6000 .\source\fft_application\libfft_application.a(arm_common_tables.o)
                0x00018244                twiddleCoef_4096_q31
 .rodata.twiddleCoef_16_q31
                0x0001e244       0x60 .\source\fft_application\libfft_application.a(arm_common_tables.o)
                0x0001e244                twiddleCoef_16_q31
 .rodata.twiddleCoef_64_q31
                0x0001e2a4      0x180 .\source\fft_application\libfft_application.a(arm_common_tables.o)
                0x0001e2a4                twiddleCoef_64_q31
 .rodata.twiddleCoef_2048_q31
                0x0001e424     0x3000 .\source\fft_application\libfft_application.a(arm_common_tables.o)
                0x0001e424                twiddleCoef_2048_q31
 .rodata.twiddleCoef_256_q31
                0x00021424      0x600 .\source\fft_application\libfft_application.a(arm_common_tables.o)
                0x00021424                twiddleCoef_256_q31
 .rodata.twiddleCoef_512_q31
                0x00021a24      0xc00 .\source\fft_application\libfft_application.a(arm_common_tables.o)
                0x00021a24                twiddleCoef_512_q31
 .rodata.armBitRevIndexTable_fixed_512
                0x00022624      0x3c0 .\source\fft_application\libfft_application.a(arm_common_tables.o)
                0x00022624                armBitRevIndexTable_fixed_512
 .rodata.armBitRevIndexTable_fixed_16
                0x000229e4       0x18 .\source\fft_application\libfft_application.a(arm_common_tables.o)
                0x000229e4                armBitRevIndexTable_fixed_16
 .rodata.armBitRevIndexTable_fixed_32
                0x000229fc       0x30 .\source\fft_application\libfft_application.a(arm_common_tables.o)
                0x000229fc                armBitRevIndexTable_fixed_32
 .rodata.armBitRevIndexTable_fixed_256
                0x00022a2c      0x1e0 .\source\fft_application\libfft_application.a(arm_common_tables.o)
                0x00022a2c                armBitRevIndexTable_fixed_256
 .rodata.armBitRevIndexTable_fixed_64
                0x00022c0c       0x70 .\source\fft_application\libfft_application.a(arm_common_tables.o)
                0x00022c0c                armBitRevIndexTable_fixed_64
 .rodata.twiddleCoef_128_q31
                0x00022c7c      0x300 .\source\fft_application\libfft_application.a(arm_common_tables.o)
                0x00022c7c                twiddleCoef_128_q31
 .rodata.str1.1
                0x00022f7c        0x2 c:/program files (x86)/cypress/psoc creator/4.4/psoc creator/import/gnu/arm/5.4.1/bin/../lib/gcc/arm-none-eabi/5.4.1/../../../../arm-none-eabi/lib/armv7-m\libg_nano.a(lib_a-impure.o)
                0x00022f80                . = ALIGN (0x4)
 *fill*         0x00022f7e        0x2 
 *(.init)
 .init          0x00022f80        0x4 c:/program files (x86)/cypress/psoc creator/4.4/psoc creator/import/gnu/arm/5.4.1/bin/../lib/gcc/arm-none-eabi/5.4.1/armv7-m/crti.o
                0x00022f80                _init
 .init          0x00022f84        0x8 c:/program files (x86)/cypress/psoc creator/4.4/psoc creator/import/gnu/arm/5.4.1/bin/../lib/gcc/arm-none-eabi/5.4.1/armv7-m/crtn.o
                0x00022f8c                . = ALIGN (0x4)
                0x00022f8c                __preinit_array_start = .
 *(.preinit_array)
                0x00022f8c                __preinit_array_end = .
                0x00022f8c                . = ALIGN (0x4)
                0x00022f8c                __init_array_start = .
 *(SORT(.init_array.*))
 *(.init_array)
 .init_array    0x00022f8c        0x4 c:/program files (x86)/cypress/psoc creator/4.4/psoc creator/import/gnu/arm/5.4.1/bin/../lib/gcc/arm-none-eabi/5.4.1/armv7-m/crtbegin.o
 .init_array    0x00022f90        0x4 .\CortexM3\ARM_GCC_541\Debug\Cm3Start.o
                0x00022f94                __init_array_end = .
                0x00022f94                . = ALIGN (0x4)
 *(.fini)
 .fini          0x00022f94        0x4 c:/program files (x86)/cypress/psoc creator/4.4/psoc creator/import/gnu/arm/5.4.1/bin/../lib/gcc/arm-none-eabi/5.4.1/armv7-m/crti.o
                0x00022f94                _fini
 .fini          0x00022f98        0x8 c:/program files (x86)/cypress/psoc creator/4.4/psoc creator/import/gnu/arm/5.4.1/bin/../lib/gcc/arm-none-eabi/5.4.1/armv7-m/crtn.o
                0x00022fa0                . = ALIGN (0x4)
                0x00022fa0                __fini_array_start = .
 *(.fini_array)
 .fini_array    0x00022fa0        0x4 c:/program files (x86)/cypress/psoc creator/4.4/psoc creator/import/gnu/arm/5.4.1/bin/../lib/gcc/arm-none-eabi/5.4.1/armv7-m/crtbegin.o
 *(SORT(.fini_array.*))
                0x00022fa4                __fini_array_end = .
                0x00022fa4                . = ALIGN (0x4)
 *crtbegin.o(.ctors)
 *(EXCLUDE_FILE(*crtend.o) .ctors)
 *(SORT(.ctors.*))
 *crtend.o(.ctors)
                0x00022fa4                . = ALIGN (0x4)
 *crtbegin.o(.dtors)
 *(EXCLUDE_FILE(*crtend.o) .dtors)
 *(SORT(.dtors.*))
 *crtend.o(.dtors)
                0x00022fa4                . = ALIGN (0x4)
                0x00022fa4                __cy_regions = .
                0x00022fa4        0x4 LONG 0x22fb8 __cy_region_init_ram
                0x00022fa8        0x4 LONG 0x1fff80c8 __cy_region_start_data
                0x00022fac        0x4 LONG 0x88 __cy_region_init_size_ram
                0x00022fb0        0x4 LONG 0x2858 __cy_region_zero_size_ram
                0x00022fb4                __cy_regions_end = .
                0x00022fb8                . = ALIGN (0x8)
 *fill*         0x00022fb4        0x4 
                0x00022fb8                _etext = .

.cy_checksum_exclude
                0x00022fb8        0x0
 *(.cy_checksum_exclude)

.ramvectors     0x1fff8000       0xc0
                0x1fff8000                __cy_region_start_ram = .
 *(.ramvectors)
 .ramvectors    0x1fff8000       0xc0 .\CortexM3\ARM_GCC_541\Debug\Cm3Start.o
                0x1fff8000                CyRamVectors

.noinit         0x1fff80c0        0x1
 *(.noinit)
 .noinit        0x1fff80c0        0x1 .\CortexM3\ARM_GCC_541\Debug\SDHD_Lab.a(CyLib.o)
                0x1fff80c0                CyResetStatus

.data           0x1fff80c8       0x88 load address 0x00022fb8
                0x1fff80c8                __cy_region_start_data = .
 *(.jcr)
 .jcr           0x1fff80c8        0x0 c:/program files (x86)/cypress/psoc creator/4.4/psoc creator/import/gnu/arm/5.4.1/bin/../lib/gcc/arm-none-eabi/5.4.1/armv7-m/crtbegin.o
 .jcr           0x1fff80c8        0x4 c:/program files (x86)/cypress/psoc creator/4.4/psoc creator/import/gnu/arm/5.4.1/bin/../lib/gcc/arm-none-eabi/5.4.1/armv7-m/crtend.o
 *(.got.plt)
 *(.got)
 *(.shdata)
 *(.data .data.* .gnu.linkonce.d.*)
 .data          0x1fff80cc        0x4 .\CortexM3\ARM_GCC_541\Debug\Cm3Start.o
 .data          0x1fff80d0        0x1 .\CortexM3\ARM_GCC_541\Debug\SDHD_Lab.a(ADC.o)
                0x1fff80d0                ADC_Config
 .data          0x1fff80d1        0x1 .\CortexM3\ARM_GCC_541\Debug\SDHD_Lab.a(WaveDAC_Wave1_DMA_dma.o)
                0x1fff80d1                WaveDAC_Wave1_DMA_DmaHandle
 .data          0x1fff80d2        0x1 .\CortexM3\ARM_GCC_541\Debug\SDHD_Lab.a(WaveDAC_Wave2_DMA_dma.o)
                0x1fff80d2                WaveDAC_Wave2_DMA_DmaHandle
 .data          0x1fff80d3        0x1 .\CortexM3\ARM_GCC_541\Debug\SDHD_Lab.a(ADC_AMux.o)
 .data          0x1fff80d4        0x8 .\CortexM3\ARM_GCC_541\Debug\SDHD_Lab.a(CyDmac.o)
 .data          0x1fff80dc       0x10 .\CortexM3\ARM_GCC_541\Debug\SDHD_Lab.a(CyLib.o)
                0x1fff80dc                cydelay_32k_ms
                0x1fff80e0                cydelay_freq_khz
                0x1fff80e4                cydelay_freq_mhz
                0x1fff80e8                cydelay_freq_hz
 .data.impure_data
                0x1fff80ec       0x60 c:/program files (x86)/cypress/psoc creator/4.4/psoc creator/import/gnu/arm/5.4.1/bin/../lib/gcc/arm-none-eabi/5.4.1/../../../../arm-none-eabi/lib/armv7-m\libg_nano.a(lib_a-impure.o)
 .data._impure_ptr
                0x1fff814c        0x4 c:/program files (x86)/cypress/psoc creator/4.4/psoc creator/import/gnu/arm/5.4.1/bin/../lib/gcc/arm-none-eabi/5.4.1/../../../../arm-none-eabi/lib/armv7-m\libg_nano.a(lib_a-impure.o)
                0x1fff814c                _impure_ptr
                0x1fff8150                . = ALIGN (0x8)
 *(.ram)
                0x1fff8150                _edata = .

.igot.plt       0x1fff8150        0x0 load address 0x00023040
 .igot.plt      0x1fff8150        0x0 c:/program files (x86)/cypress/psoc creator/4.4/psoc creator/import/gnu/arm/5.4.1/bin/../lib/gcc/arm-none-eabi/5.4.1/armv7-m/crtbegin.o

.bss            0x1fff8150     0x2858 load address 0x00023040
                0x1fff8150                PROVIDE (__bss_start__, .)
 *(.shbss)
 *(.bss .bss.* .gnu.linkonce.b.*)
 .bss           0x1fff8150       0x1c c:/program files (x86)/cypress/psoc creator/4.4/psoc creator/import/gnu/arm/5.4.1/bin/../lib/gcc/arm-none-eabi/5.4.1/armv7-m/crtbegin.o
 .bss           0x1fff816c     0x2808 .\CortexM3\ARM_GCC_541\Debug\main.o
                0x1fff816c                button_pressed
                0x1fff816d                sReceived
                0x1fff816e                oReceived
                0x1fff816f                state
                0x1fff8170                count
                0x1fff8174                ADC_Array
                0x1fff8974                FFT_SamplesArray
 .bss           0x1fffa974        0x2 .\CortexM3\ARM_GCC_541\Debug\SDHD_Lab.a(UART.o)
                0x1fffa974                UART_initVar
 .bss           0x1fffa976        0x5 .\CortexM3\ARM_GCC_541\Debug\SDHD_Lab.a(WaveDAC.o)
                0x1fffa97a                WaveDAC_initVar
 *fill*         0x1fffa97b        0x1 
 .bss           0x1fffa97c       0x18 .\CortexM3\ARM_GCC_541\Debug\SDHD_Lab.a(ADC.o)
                0x1fffa98c                ADC_stopConversion
                0x1fffa98d                ADC_convDone
                0x1fffa98e                ADC_initVar
                0x1fffa98f                ADC_started
                0x1fffa990                ADC_Offset
 .bss.__malloc_sbrk_start
                0x1fffa994        0x4 c:/program files (x86)/cypress/psoc creator/4.4/psoc creator/import/gnu/arm/5.4.1/bin/../lib/gcc/arm-none-eabi/5.4.1/../../../../arm-none-eabi/lib/armv7-m\libg_nano.a(lib_a-nano-mallocr.o)
                0x1fffa994                __malloc_sbrk_start
 .bss.__malloc_free_list
                0x1fffa998        0x4 c:/program files (x86)/cypress/psoc creator/4.4/psoc creator/import/gnu/arm/5.4.1/bin/../lib/gcc/arm-none-eabi/5.4.1/../../../../arm-none-eabi/lib/armv7-m\libg_nano.a(lib_a-nano-mallocr.o)
                0x1fffa998                __malloc_free_list
 *(COMMON)
 COMMON         0x1fffa99c        0x1 .\CortexM3\ARM_GCC_541\Debug\main.o
                0x1fffa99c                RxMatlab
 *fill*         0x1fffa99d        0x3 
 COMMON         0x1fffa9a0        0x4 .\CortexM3\ARM_GCC_541\Debug\SDHD_Lab.a(ADC.o)
                0x1fffa9a0                ADC_CountsPerVolt
 COMMON         0x1fffa9a4        0x4 c:/program files (x86)/cypress/psoc creator/4.4/psoc creator/import/gnu/arm/5.4.1/bin/../lib/gcc/arm-none-eabi/5.4.1/../../../../arm-none-eabi/lib/armv7-m\libg_nano.a(lib_a-reent.o)
                0x1fffa9a4                errno
                0x1fffa9a8                . = ALIGN (0x8)
 *(.ram.b)
                0x1fffa9a8                _end = .
                0x1fffa9a8                __end = .
                0x1fffa9a8                PROVIDE (end, .)
                0x1fffa9a8                PROVIDE (__bss_end__, .)
                0x00022fb8                __cy_region_init_ram = LOADADDR (.data)
                0x00000088                __cy_region_init_size_ram = (_edata - ADDR (.data))
                0x00002858                __cy_region_zero_size_ram = (_end - _edata)

.heap           0x1fffa9a8     0x2000 load address 0x00023040
                0x1fffa9a8                . = _end
                0x1fffc9a8                . = (. + 0x2000)
 *fill*         0x1fffa9a8     0x2000 
                0x1fffc9a8                __cy_heap_limit = .

.stack          0x20007800      0x800
                0x20007800                __cy_stack_limit = .
                0x20008000                . = (. + 0x800)
 *fill*         0x20007800      0x800 
                0x00000001                ASSERT ((__cy_stack_limit >= __cy_heap_limit), region RAM overflowed with stack)
                0x00000000                cy_checksum_exclude_size = (CY_APPL_LOADABLE == 0x1)?SIZEOF (.cy_checksum_exclude):0x0
                0x00000001                ASSERT ((cy_checksum_exclude_size <= CY_CHECKSUM_EXCLUDE_SIZE), CY_BOOT: Section .cy_checksum_exclude size exceedes specified limit.)

.cyloadermeta
 *(.cyloadermeta)

.cyloadablemeta
 *(.cyloadablemeta)

.cyconfigecc    0x80000000      0x464
 *(.cyconfigecc)
 .cyconfigecc   0x80000000      0x464 .\CortexM3\ARM_GCC_541\Debug\cymetadata.o
                0x80000000                cy_meta_configecc

.cycustnvl      0x90000000        0x4
 *(.cycustnvl)
 .cycustnvl     0x90000000        0x4 .\CortexM3\ARM_GCC_541\Debug\cymetadata.o
                0x90000000                cy_meta_custnvl

.cywolatch      0x90100000        0x4
 *(.cywolatch)
 .cywolatch     0x90100000        0x4 .\CortexM3\ARM_GCC_541\Debug\cymetadata.o
                0x90100000                cy_meta_wonvl

.cyeeprom       0x90200000        0x0
 *(.cyeeprom)
                0x00000001                ASSERT ((. <= ((0x90200000 + ee_offset) + ee_size)), .cyeeprom data will not fit in EEPROM)

.cyflashprotect
                0x90400000      0x100
 *(.cyflashprotect)
 .cyflashprotect
                0x90400000      0x100 .\CortexM3\ARM_GCC_541\Debug\cymetadata.o
                0x90400000                cy_meta_flashprotect

.cymeta         0x90500000        0xc
 *(.cymeta)
 .cymeta        0x90500000        0xc .\CortexM3\ARM_GCC_541\Debug\cymetadata.o
                0x90500000                cy_metadata

.rel.dyn        0x00023040        0x0 load address 0x9050000c
 .rel.iplt      0x00023040        0x0 c:/program files (x86)/cypress/psoc creator/4.4/psoc creator/import/gnu/arm/5.4.1/bin/../lib/gcc/arm-none-eabi/5.4.1/armv7-m/crtbegin.o

.stab
 *(.stab)

.stabstr
 *(.stabstr)

.debug
 *(.debug)

.line
 *(.line)

.debug_srcinfo
 *(.debug_srcinfo)

.debug_sfnames
 *(.debug_sfnames)

.debug_aranges  0x00000000      0xe50
 *(.debug_aranges)
 .debug_aranges
                0x00000000       0x38 .\CortexM3\ARM_GCC_541\Debug\main.o
 .debug_aranges
                0x00000038       0x68 .\CortexM3\ARM_GCC_541\Debug\cyfitter_cfg.o
 .debug_aranges
                0x000000a0       0x18 .\CortexM3\ARM_GCC_541\Debug\cymetadata.o
 .debug_aranges
                0x000000b8       0x48 .\CortexM3\ARM_GCC_541\Debug\Cm3Start.o
 .debug_aranges
                0x00000100       0xf0 .\CortexM3\ARM_GCC_541\Debug\SDHD_Lab.a(UART.o)
 .debug_aranges
                0x000001f0       0x38 .\CortexM3\ARM_GCC_541\Debug\SDHD_Lab.a(Green_LED.o)
 .debug_aranges
                0x00000228       0x38 .\CortexM3\ARM_GCC_541\Debug\SDHD_Lab.a(Yellow_LED.o)
 .debug_aranges
                0x00000260       0x38 .\CortexM3\ARM_GCC_541\Debug\SDHD_Lab.a(Red_LED.o)
 .debug_aranges
                0x00000298       0x48 .\CortexM3\ARM_GCC_541\Debug\SDHD_Lab.a(Push_button.o)
 .debug_aranges
                0x000002e0       0x80 .\CortexM3\ARM_GCC_541\Debug\SDHD_Lab.a(isr_button.o)
 .debug_aranges
                0x00000360       0x80 .\CortexM3\ARM_GCC_541\Debug\SDHD_Lab.a(isr_UART.o)
 .debug_aranges
                0x000003e0       0x50 .\CortexM3\ARM_GCC_541\Debug\SDHD_Lab.a(WaveDAC.o)
 .debug_aranges
                0x00000430       0xe8 .\CortexM3\ARM_GCC_541\Debug\SDHD_Lab.a(ADC.o)
 .debug_aranges
                0x00000518       0x38 .\CortexM3\ARM_GCC_541\Debug\SDHD_Lab.a(ADC_INT.o)
 .debug_aranges
                0x00000550       0x70 .\CortexM3\ARM_GCC_541\Debug\SDHD_Lab.a(UART_IntClock.o)
 .debug_aranges
                0x000005c0       0x70 .\CortexM3\ARM_GCC_541\Debug\SDHD_Lab.a(WaveDAC_DacClk.o)
 .debug_aranges
                0x00000630       0x28 .\CortexM3\ARM_GCC_541\Debug\SDHD_Lab.a(WaveDAC_Wave1_DMA_dma.o)
 .debug_aranges
                0x00000658       0x28 .\CortexM3\ARM_GCC_541\Debug\SDHD_Lab.a(WaveDAC_Wave2_DMA_dma.o)
 .debug_aranges
                0x00000680       0x58 .\CortexM3\ARM_GCC_541\Debug\SDHD_Lab.a(WaveDAC_VDAC8.o)
 .debug_aranges
                0x000006d8       0x30 .\CortexM3\ARM_GCC_541\Debug\SDHD_Lab.a(ADC_AMux.o)
 .debug_aranges
                0x00000708       0x70 .\CortexM3\ARM_GCC_541\Debug\SDHD_Lab.a(ADC_Ext_CP_Clk.o)
 .debug_aranges
                0x00000778       0x80 .\CortexM3\ARM_GCC_541\Debug\SDHD_Lab.a(ADC_theACLK.o)
 .debug_aranges
                0x000007f8       0xd8 .\CortexM3\ARM_GCC_541\Debug\SDHD_Lab.a(CyDmac.o)
 .debug_aranges
                0x000008d0      0x2a0 .\CortexM3\ARM_GCC_541\Debug\SDHD_Lab.a(CyLib.o)
 .debug_aranges
                0x00000b70       0x98 .\CortexM3\ARM_GCC_541\Debug\SDHD_Lab.a(cyPm.o)
 .debug_aranges
                0x00000c08       0x20 .\CortexM3\ARM_GCC_541\Debug\SDHD_Lab.a(CyBootAsmGnu.o)
 .debug_aranges
                0x00000c28       0x88 .\CortexM3\ARM_GCC_541\Debug\SDHD_Lab.a(CyFlash.o)
 .debug_aranges
                0x00000cb0       0x80 .\CortexM3\ARM_GCC_541\Debug\SDHD_Lab.a(CySpc.o)
 .debug_aranges
                0x00000d30       0x20 .\source\fft_application\libfft_application.a(fft_application.o)
 .debug_aranges
                0x00000d50       0x30 .\source\fft_application\libfft_application.a(arm_rfft_q31.o)
 .debug_aranges
                0x00000d80       0x20 .\source\fft_application\libfft_application.a(arm_rfft_init_q31.o)
 .debug_aranges
                0x00000da0       0x30 .\source\fft_application\libfft_application.a(arm_cfft_q31.o)
 .debug_aranges
                0x00000dd0       0x30 .\source\fft_application\libfft_application.a(arm_cfft_radix4_q31.o)
 .debug_aranges
                0x00000e00       0x18 .\source\fft_application\libfft_application.a(arm_const_structs.o)
 .debug_aranges
                0x00000e18       0x20 .\source\fft_application\libfft_application.a(arm_bitreversal2.o)
 .debug_aranges
                0x00000e38       0x18 .\source\fft_application\libfft_application.a(arm_common_tables.o)

.debug_pubnames
 *(.debug_pubnames)

.debug_info     0x00000000     0xa62b
 *(.debug_info .gnu.linkonce.wi.*)
 .debug_info    0x00000000      0x4ef .\CortexM3\ARM_GCC_541\Debug\main.o
 .debug_info    0x000004ef      0x5d4 .\CortexM3\ARM_GCC_541\Debug\cyfitter_cfg.o
 .debug_info    0x00000ac3      0x136 .\CortexM3\ARM_GCC_541\Debug\cymetadata.o
 .debug_info    0x00000bf9      0x3cf .\CortexM3\ARM_GCC_541\Debug\Cm3Start.o
 .debug_info    0x00000fc8      0x60c .\CortexM3\ARM_GCC_541\Debug\SDHD_Lab.a(UART.o)
 .debug_info    0x000015d4      0x11f .\CortexM3\ARM_GCC_541\Debug\SDHD_Lab.a(Green_LED.o)
 .debug_info    0x000016f3      0x11f .\CortexM3\ARM_GCC_541\Debug\SDHD_Lab.a(Yellow_LED.o)
 .debug_info    0x00001812      0x11f .\CortexM3\ARM_GCC_541\Debug\SDHD_Lab.a(Red_LED.o)
 .debug_info    0x00001931      0x174 .\CortexM3\ARM_GCC_541\Debug\SDHD_Lab.a(Push_button.o)
 .debug_info    0x00001aa5      0x2d2 .\CortexM3\ARM_GCC_541\Debug\SDHD_Lab.a(isr_button.o)
 .debug_info    0x00001d77      0x2d2 .\CortexM3\ARM_GCC_541\Debug\SDHD_Lab.a(isr_UART.o)
 .debug_info    0x00002049      0x519 .\CortexM3\ARM_GCC_541\Debug\SDHD_Lab.a(WaveDAC.o)
 .debug_info    0x00002562      0xbed .\CortexM3\ARM_GCC_541\Debug\SDHD_Lab.a(ADC.o)
 .debug_info    0x0000314f       0xd3 .\CortexM3\ARM_GCC_541\Debug\SDHD_Lab.a(ADC_INT.o)
 .debug_info    0x00003222      0x283 .\CortexM3\ARM_GCC_541\Debug\SDHD_Lab.a(UART_IntClock.o)
 .debug_info    0x000034a5      0x283 .\CortexM3\ARM_GCC_541\Debug\SDHD_Lab.a(WaveDAC_DacClk.o)
 .debug_info    0x00003728      0x1aa .\CortexM3\ARM_GCC_541\Debug\SDHD_Lab.a(WaveDAC_Wave1_DMA_dma.o)
 .debug_info    0x000038d2      0x1a7 .\CortexM3\ARM_GCC_541\Debug\SDHD_Lab.a(WaveDAC_Wave2_DMA_dma.o)
 .debug_info    0x00003a79      0x1de .\CortexM3\ARM_GCC_541\Debug\SDHD_Lab.a(WaveDAC_VDAC8.o)
 .debug_info    0x00003c57      0x165 .\CortexM3\ARM_GCC_541\Debug\SDHD_Lab.a(ADC_AMux.o)
 .debug_info    0x00003dbc      0x283 .\CortexM3\ARM_GCC_541\Debug\SDHD_Lab.a(ADC_Ext_CP_Clk.o)
 .debug_info    0x0000403f      0x2c4 .\CortexM3\ARM_GCC_541\Debug\SDHD_Lab.a(ADC_theACLK.o)
 .debug_info    0x00004303      0x94e .\CortexM3\ARM_GCC_541\Debug\SDHD_Lab.a(CyDmac.o)
 .debug_info    0x00004c51     0x1374 .\CortexM3\ARM_GCC_541\Debug\SDHD_Lab.a(CyLib.o)
 .debug_info    0x00005fc5      0xa2a .\CortexM3\ARM_GCC_541\Debug\SDHD_Lab.a(cyPm.o)
 .debug_info    0x000069ef       0xb1 .\CortexM3\ARM_GCC_541\Debug\SDHD_Lab.a(CyBootAsmGnu.o)
 .debug_info    0x00006aa0      0x64d .\CortexM3\ARM_GCC_541\Debug\SDHD_Lab.a(CyFlash.o)
 .debug_info    0x000070ed      0x550 .\CortexM3\ARM_GCC_541\Debug\SDHD_Lab.a(CySpc.o)
 .debug_info    0x0000763d      0x36c .\source\fft_application\libfft_application.a(fft_application.o)
 .debug_info    0x000079a9      0x4f7 .\source\fft_application\libfft_application.a(arm_rfft_q31.o)
 .debug_info    0x00007ea0      0x327 .\source\fft_application\libfft_application.a(arm_rfft_init_q31.o)
 .debug_info    0x000081c7      0x4a3 .\source\fft_application\libfft_application.a(arm_cfft_q31.o)
 .debug_info    0x0000866a      0x815 .\source\fft_application\libfft_application.a(arm_cfft_radix4_q31.o)
 .debug_info    0x00008e7f      0xd8a .\source\fft_application\libfft_application.a(arm_const_structs.o)
 .debug_info    0x00009c09       0xac .\source\fft_application\libfft_application.a(arm_bitreversal2.o)
 .debug_info    0x00009cb5      0x976 .\source\fft_application\libfft_application.a(arm_common_tables.o)

.debug_abbrev   0x00000000     0x27fc
 *(.debug_abbrev)
 .debug_abbrev  0x00000000      0x142 .\CortexM3\ARM_GCC_541\Debug\main.o
 .debug_abbrev  0x00000142      0x21e .\CortexM3\ARM_GCC_541\Debug\cyfitter_cfg.o
 .debug_abbrev  0x00000360       0x77 .\CortexM3\ARM_GCC_541\Debug\cymetadata.o
 .debug_abbrev  0x000003d7      0x1e8 .\CortexM3\ARM_GCC_541\Debug\Cm3Start.o
 .debug_abbrev  0x000005bf      0x175 .\CortexM3\ARM_GCC_541\Debug\SDHD_Lab.a(UART.o)
 .debug_abbrev  0x00000734       0x90 .\CortexM3\ARM_GCC_541\Debug\SDHD_Lab.a(Green_LED.o)
 .debug_abbrev  0x000007c4       0x90 .\CortexM3\ARM_GCC_541\Debug\SDHD_Lab.a(Yellow_LED.o)
 .debug_abbrev  0x00000854       0x90 .\CortexM3\ARM_GCC_541\Debug\SDHD_Lab.a(Red_LED.o)
 .debug_abbrev  0x000008e4       0x90 .\CortexM3\ARM_GCC_541\Debug\SDHD_Lab.a(Push_button.o)
 .debug_abbrev  0x00000974      0x173 .\CortexM3\ARM_GCC_541\Debug\SDHD_Lab.a(isr_button.o)
 .debug_abbrev  0x00000ae7      0x173 .\CortexM3\ARM_GCC_541\Debug\SDHD_Lab.a(isr_UART.o)
 .debug_abbrev  0x00000c5a      0x114 .\CortexM3\ARM_GCC_541\Debug\SDHD_Lab.a(WaveDAC.o)
 .debug_abbrev  0x00000d6e      0x1eb .\CortexM3\ARM_GCC_541\Debug\SDHD_Lab.a(ADC.o)
 .debug_abbrev  0x00000f59       0x42 .\CortexM3\ARM_GCC_541\Debug\SDHD_Lab.a(ADC_INT.o)
 .debug_abbrev  0x00000f9b      0x139 .\CortexM3\ARM_GCC_541\Debug\SDHD_Lab.a(UART_IntClock.o)
 .debug_abbrev  0x000010d4      0x139 .\CortexM3\ARM_GCC_541\Debug\SDHD_Lab.a(WaveDAC_DacClk.o)
 .debug_abbrev  0x0000120d       0xcd .\CortexM3\ARM_GCC_541\Debug\SDHD_Lab.a(WaveDAC_Wave1_DMA_dma.o)
 .debug_abbrev  0x000012da       0xcd .\CortexM3\ARM_GCC_541\Debug\SDHD_Lab.a(WaveDAC_Wave2_DMA_dma.o)
 .debug_abbrev  0x000013a7       0xf7 .\CortexM3\ARM_GCC_541\Debug\SDHD_Lab.a(WaveDAC_VDAC8.o)
 .debug_abbrev  0x0000149e       0xb1 .\CortexM3\ARM_GCC_541\Debug\SDHD_Lab.a(ADC_AMux.o)
 .debug_abbrev  0x0000154f      0x139 .\CortexM3\ARM_GCC_541\Debug\SDHD_Lab.a(ADC_Ext_CP_Clk.o)
 .debug_abbrev  0x00001688      0x121 .\CortexM3\ARM_GCC_541\Debug\SDHD_Lab.a(ADC_theACLK.o)
 .debug_abbrev  0x000017a9      0x1b2 .\CortexM3\ARM_GCC_541\Debug\SDHD_Lab.a(CyDmac.o)
 .debug_abbrev  0x0000195b      0x254 .\CortexM3\ARM_GCC_541\Debug\SDHD_Lab.a(CyLib.o)
 .debug_abbrev  0x00001baf      0x1ab .\CortexM3\ARM_GCC_541\Debug\SDHD_Lab.a(cyPm.o)
 .debug_abbrev  0x00001d5a       0x14 .\CortexM3\ARM_GCC_541\Debug\SDHD_Lab.a(CyBootAsmGnu.o)
 .debug_abbrev  0x00001d6e      0x1a7 .\CortexM3\ARM_GCC_541\Debug\SDHD_Lab.a(CyFlash.o)
 .debug_abbrev  0x00001f15      0x194 .\CortexM3\ARM_GCC_541\Debug\SDHD_Lab.a(CySpc.o)
 .debug_abbrev  0x000020a9      0x15d .\source\fft_application\libfft_application.a(fft_application.o)
 .debug_abbrev  0x00002206      0x128 .\source\fft_application\libfft_application.a(arm_rfft_q31.o)
 .debug_abbrev  0x0000232e      0x12e .\source\fft_application\libfft_application.a(arm_rfft_init_q31.o)
 .debug_abbrev  0x0000245c       0xfb .\source\fft_application\libfft_application.a(arm_cfft_q31.o)
 .debug_abbrev  0x00002557      0x142 .\source\fft_application\libfft_application.a(arm_cfft_radix4_q31.o)
 .debug_abbrev  0x00002699       0xcb .\source\fft_application\libfft_application.a(arm_const_structs.o)
 .debug_abbrev  0x00002764       0x14 .\source\fft_application\libfft_application.a(arm_bitreversal2.o)
 .debug_abbrev  0x00002778       0x84 .\source\fft_application\libfft_application.a(arm_common_tables.o)

.debug_line     0x00000000     0x45b5
 *(.debug_line)
 .debug_line    0x00000000      0x2d3 .\CortexM3\ARM_GCC_541\Debug\main.o
 .debug_line    0x000002d3      0x209 .\CortexM3\ARM_GCC_541\Debug\cyfitter_cfg.o
 .debug_line    0x000004dc      0x141 .\CortexM3\ARM_GCC_541\Debug\cymetadata.o
 .debug_line    0x0000061d      0x241 .\CortexM3\ARM_GCC_541\Debug\Cm3Start.o
 .debug_line    0x0000085e      0x2bc .\CortexM3\ARM_GCC_541\Debug\SDHD_Lab.a(UART.o)
 .debug_line    0x00000b1a       0x96 .\CortexM3\ARM_GCC_541\Debug\SDHD_Lab.a(Green_LED.o)
 .debug_line    0x00000bb0       0x97 .\CortexM3\ARM_GCC_541\Debug\SDHD_Lab.a(Yellow_LED.o)
 .debug_line    0x00000c47       0x94 .\CortexM3\ARM_GCC_541\Debug\SDHD_Lab.a(Red_LED.o)
 .debug_line    0x00000cdb       0xbc .\CortexM3\ARM_GCC_541\Debug\SDHD_Lab.a(Push_button.o)
 .debug_line    0x00000d97      0x137 .\CortexM3\ARM_GCC_541\Debug\SDHD_Lab.a(isr_button.o)
 .debug_line    0x00000ece      0x135 .\CortexM3\ARM_GCC_541\Debug\SDHD_Lab.a(isr_UART.o)
 .debug_line    0x00001003      0x151 .\CortexM3\ARM_GCC_541\Debug\SDHD_Lab.a(WaveDAC.o)
 .debug_line    0x00001154      0x3c1 .\CortexM3\ARM_GCC_541\Debug\SDHD_Lab.a(ADC.o)
 .debug_line    0x00001515       0x80 .\CortexM3\ARM_GCC_541\Debug\SDHD_Lab.a(ADC_INT.o)
 .debug_line    0x00001595      0x17c .\CortexM3\ARM_GCC_541\Debug\SDHD_Lab.a(UART_IntClock.o)
 .debug_line    0x00001711      0x17d .\CortexM3\ARM_GCC_541\Debug\SDHD_Lab.a(WaveDAC_DacClk.o)
 .debug_line    0x0000188e       0x8e .\CortexM3\ARM_GCC_541\Debug\SDHD_Lab.a(WaveDAC_Wave1_DMA_dma.o)
 .debug_line    0x0000191c       0x8e .\CortexM3\ARM_GCC_541\Debug\SDHD_Lab.a(WaveDAC_Wave2_DMA_dma.o)
 .debug_line    0x000019aa       0xe9 .\CortexM3\ARM_GCC_541\Debug\SDHD_Lab.a(WaveDAC_VDAC8.o)
 .debug_line    0x00001a93       0xac .\CortexM3\ARM_GCC_541\Debug\SDHD_Lab.a(ADC_AMux.o)
 .debug_line    0x00001b3f      0x17d .\CortexM3\ARM_GCC_541\Debug\SDHD_Lab.a(ADC_Ext_CP_Clk.o)
 .debug_line    0x00001cbc      0x19d .\CortexM3\ARM_GCC_541\Debug\SDHD_Lab.a(ADC_theACLK.o)
 .debug_line    0x00001e59      0x2e4 .\CortexM3\ARM_GCC_541\Debug\SDHD_Lab.a(CyDmac.o)
 .debug_line    0x0000213d      0x816 .\CortexM3\ARM_GCC_541\Debug\SDHD_Lab.a(CyLib.o)
 .debug_line    0x00002953      0x367 .\CortexM3\ARM_GCC_541\Debug\SDHD_Lab.a(cyPm.o)
 .debug_line    0x00002cba       0x66 .\CortexM3\ARM_GCC_541\Debug\SDHD_Lab.a(CyBootAsmGnu.o)
 .debug_line    0x00002d20      0x21a .\CortexM3\ARM_GCC_541\Debug\SDHD_Lab.a(CyFlash.o)
 .debug_line    0x00002f3a      0x260 .\CortexM3\ARM_GCC_541\Debug\SDHD_Lab.a(CySpc.o)
 .debug_line    0x0000319a      0x22f .\source\fft_application\libfft_application.a(fft_application.o)
 .debug_line    0x000033c9      0x1ff .\source\fft_application\libfft_application.a(arm_rfft_q31.o)
 .debug_line    0x000035c8      0x1dd .\source\fft_application\libfft_application.a(arm_rfft_init_q31.o)
 .debug_line    0x000037a5      0x2f5 .\source\fft_application\libfft_application.a(arm_cfft_q31.o)
 .debug_line    0x00003a9a      0x792 .\source\fft_application\libfft_application.a(arm_cfft_radix4_q31.o)
 .debug_line    0x0000422c      0x17c .\source\fft_application\libfft_application.a(arm_const_structs.o)
 .debug_line    0x000043a8       0xa8 .\source\fft_application\libfft_application.a(arm_bitreversal2.o)
 .debug_line    0x00004450      0x165 .\source\fft_application\libfft_application.a(arm_common_tables.o)

.debug_frame    0x00000000     0x23a0
 *(.debug_frame)
 .debug_frame   0x00000000       0x84 .\CortexM3\ARM_GCC_541\Debug\main.o
 .debug_frame   0x00000084      0x104 .\CortexM3\ARM_GCC_541\Debug\cyfitter_cfg.o
 .debug_frame   0x00000188       0xb8 .\CortexM3\ARM_GCC_541\Debug\Cm3Start.o
 .debug_frame   0x00000240      0x250 .\CortexM3\ARM_GCC_541\Debug\SDHD_Lab.a(UART.o)
 .debug_frame   0x00000490       0x50 .\CortexM3\ARM_GCC_541\Debug\SDHD_Lab.a(Green_LED.o)
 .debug_frame   0x000004e0       0x50 .\CortexM3\ARM_GCC_541\Debug\SDHD_Lab.a(Yellow_LED.o)
 .debug_frame   0x00000530       0x50 .\CortexM3\ARM_GCC_541\Debug\SDHD_Lab.a(Red_LED.o)
 .debug_frame   0x00000580       0x70 .\CortexM3\ARM_GCC_541\Debug\SDHD_Lab.a(Push_button.o)
 .debug_frame   0x000005f0      0x104 .\CortexM3\ARM_GCC_541\Debug\SDHD_Lab.a(isr_button.o)
 .debug_frame   0x000006f4      0x104 .\CortexM3\ARM_GCC_541\Debug\SDHD_Lab.a(isr_UART.o)
 .debug_frame   0x000007f8       0xe0 .\CortexM3\ARM_GCC_541\Debug\SDHD_Lab.a(WaveDAC.o)
 .debug_frame   0x000008d8      0x284 .\CortexM3\ARM_GCC_541\Debug\SDHD_Lab.a(ADC.o)
 .debug_frame   0x00000b5c       0x50 .\CortexM3\ARM_GCC_541\Debug\SDHD_Lab.a(ADC_INT.o)
 .debug_frame   0x00000bac       0xe0 .\CortexM3\ARM_GCC_541\Debug\SDHD_Lab.a(UART_IntClock.o)
 .debug_frame   0x00000c8c       0xe0 .\CortexM3\ARM_GCC_541\Debug\SDHD_Lab.a(WaveDAC_DacClk.o)
 .debug_frame   0x00000d6c       0x54 .\CortexM3\ARM_GCC_541\Debug\SDHD_Lab.a(WaveDAC_Wave1_DMA_dma.o)
 .debug_frame   0x00000dc0       0x54 .\CortexM3\ARM_GCC_541\Debug\SDHD_Lab.a(WaveDAC_Wave2_DMA_dma.o)
 .debug_frame   0x00000e14       0xb4 .\CortexM3\ARM_GCC_541\Debug\SDHD_Lab.a(WaveDAC_VDAC8.o)
 .debug_frame   0x00000ec8       0x64 .\CortexM3\ARM_GCC_541\Debug\SDHD_Lab.a(ADC_AMux.o)
 .debug_frame   0x00000f2c       0xe0 .\CortexM3\ARM_GCC_541\Debug\SDHD_Lab.a(ADC_Ext_CP_Clk.o)
 .debug_frame   0x0000100c      0x100 .\CortexM3\ARM_GCC_541\Debug\SDHD_Lab.a(ADC_theACLK.o)
 .debug_frame   0x0000110c      0x1f8 .\CortexM3\ARM_GCC_541\Debug\SDHD_Lab.a(CyDmac.o)
 .debug_frame   0x00001304      0x738 .\CortexM3\ARM_GCC_541\Debug\SDHD_Lab.a(CyLib.o)
 .debug_frame   0x00001a3c      0x1f8 .\CortexM3\ARM_GCC_541\Debug\SDHD_Lab.a(cyPm.o)
 .debug_frame   0x00001c34      0x194 .\CortexM3\ARM_GCC_541\Debug\SDHD_Lab.a(CyFlash.o)
 .debug_frame   0x00001dc8      0x180 .\CortexM3\ARM_GCC_541\Debug\SDHD_Lab.a(CySpc.o)
 .debug_frame   0x00001f48       0x38 .\source\fft_application\libfft_application.a(fft_application.o)
 .debug_frame   0x00001f80       0xac .\source\fft_application\libfft_application.a(arm_rfft_q31.o)
 .debug_frame   0x0000202c       0x2c .\source\fft_application\libfft_application.a(arm_rfft_init_q31.o)
 .debug_frame   0x00002058       0xa0 .\source\fft_application\libfft_application.a(arm_cfft_q31.o)
 .debug_frame   0x000020f8       0xa0 .\source\fft_application\libfft_application.a(arm_cfft_radix4_q31.o)
 .debug_frame   0x00002198       0x20 c:/program files (x86)/cypress/psoc creator/4.4/psoc creator/import/gnu/arm/5.4.1/bin/../lib/gcc/arm-none-eabi/5.4.1/../../../../arm-none-eabi/lib/armv7-m\libg_nano.a(lib_a-errno.o)
 .debug_frame   0x000021b8       0x28 c:/program files (x86)/cypress/psoc creator/4.4/psoc creator/import/gnu/arm/5.4.1/bin/../lib/gcc/arm-none-eabi/5.4.1/../../../../arm-none-eabi/lib/armv7-m\libg_nano.a(lib_a-exit.o)
 .debug_frame   0x000021e0       0x2c c:/program files (x86)/cypress/psoc creator/4.4/psoc creator/import/gnu/arm/5.4.1/bin/../lib/gcc/arm-none-eabi/5.4.1/../../../../arm-none-eabi/lib/armv7-m\libg_nano.a(lib_a-init.o)
 .debug_frame   0x0000220c       0x30 c:/program files (x86)/cypress/psoc creator/4.4/psoc creator/import/gnu/arm/5.4.1/bin/../lib/gcc/arm-none-eabi/5.4.1/../../../../arm-none-eabi/lib/armv7-m\libg_nano.a(lib_a-malloc.o)
 .debug_frame   0x0000223c       0x28 c:/program files (x86)/cypress/psoc creator/4.4/psoc creator/import/gnu/arm/5.4.1/bin/../lib/gcc/arm-none-eabi/5.4.1/../../../../arm-none-eabi/lib/armv7-m\libg_nano.a(lib_a-memcpy-stub.o)
 .debug_frame   0x00002264       0x20 c:/program files (x86)/cypress/psoc creator/4.4/psoc creator/import/gnu/arm/5.4.1/bin/../lib/gcc/arm-none-eabi/5.4.1/../../../../arm-none-eabi/lib/armv7-m\libg_nano.a(lib_a-memset.o)
 .debug_frame   0x00002284       0x38 c:/program files (x86)/cypress/psoc creator/4.4/psoc creator/import/gnu/arm/5.4.1/bin/../lib/gcc/arm-none-eabi/5.4.1/../../../../arm-none-eabi/lib/armv7-m\libg_nano.a(lib_a-nano-freer.o)
 .debug_frame   0x000022bc       0x2c c:/program files (x86)/cypress/psoc creator/4.4/psoc creator/import/gnu/arm/5.4.1/bin/../lib/gcc/arm-none-eabi/5.4.1/../../../../arm-none-eabi/lib/armv7-m\libg_nano.a(lib_a-nano-mallocr.o)
 .debug_frame   0x000022e8       0x2c c:/program files (x86)/cypress/psoc creator/4.4/psoc creator/import/gnu/arm/5.4.1/bin/../lib/gcc/arm-none-eabi/5.4.1/../../../../arm-none-eabi/lib/armv7-m\libg_nano.a(lib_a-sbrkr.o)
 .debug_frame   0x00002314       0x30 c:/program files (x86)/cypress/psoc creator/4.4/psoc creator/import/gnu/arm/5.4.1/bin/../lib/gcc/arm-none-eabi/5.4.1/../../../../arm-none-eabi/lib/armv7-m\libg_nano.a(lib_a-mlock.o)
 .debug_frame   0x00002344       0x5c c:/program files (x86)/cypress/psoc creator/4.4/psoc creator/import/gnu/arm/5.4.1/bin/../lib/gcc/arm-none-eabi/5.4.1/../../../../arm-none-eabi/lib/armv7-m\libg_nano.a(lib_a-reent.o)

.debug_str      0x00000000     0x3bbe
 *(.debug_str)
 .debug_str     0x00000000      0x33d .\CortexM3\ARM_GCC_541\Debug\main.o
                                0x3a7 (size before relaxing)
 .debug_str     0x0000033d      0x1c7 .\CortexM3\ARM_GCC_541\Debug\cyfitter_cfg.o
                                0x37c (size before relaxing)
 .debug_str     0x00000504       0x75 .\CortexM3\ARM_GCC_541\Debug\cymetadata.o
                                0x205 (size before relaxing)
 .debug_str     0x00000579      0x154 .\CortexM3\ARM_GCC_541\Debug\Cm3Start.o
                                0x33b (size before relaxing)
 .debug_str     0x000006cd      0x299 .\CortexM3\ARM_GCC_541\Debug\SDHD_Lab.a(UART.o)
                                0x496 (size before relaxing)
 .debug_str     0x00000966       0x6f .\CortexM3\ARM_GCC_541\Debug\SDHD_Lab.a(Green_LED.o)
                                0x217 (size before relaxing)
 .debug_str     0x000009d5       0x63 .\CortexM3\ARM_GCC_541\Debug\SDHD_Lab.a(Yellow_LED.o)
                                0x21c (size before relaxing)
 .debug_str     0x00000a38       0x57 .\CortexM3\ARM_GCC_541\Debug\SDHD_Lab.a(Red_LED.o)
                                0x20d (size before relaxing)
 .debug_str     0x00000a8f       0x9f .\CortexM3\ARM_GCC_541\Debug\SDHD_Lab.a(Push_button.o)
                                0x269 (size before relaxing)
 .debug_str     0x00000b2e      0x131 .\CortexM3\ARM_GCC_541\Debug\SDHD_Lab.a(isr_button.o)
                                0x30d (size before relaxing)
 .debug_str     0x00000c5f       0xff .\CortexM3\ARM_GCC_541\Debug\SDHD_Lab.a(isr_UART.o)
                                0x2f1 (size before relaxing)
 .debug_str     0x00000d5e      0x281 .\CortexM3\ARM_GCC_541\Debug\SDHD_Lab.a(WaveDAC.o)
                                0x43f (size before relaxing)
 .debug_str     0x00000fdf      0x358 .\CortexM3\ARM_GCC_541\Debug\SDHD_Lab.a(ADC.o)
                                0x5ea (size before relaxing)
 .debug_str     0x00001337       0x45 .\CortexM3\ARM_GCC_541\Debug\SDHD_Lab.a(ADC_INT.o)
                                0x1e1 (size before relaxing)
 .debug_str     0x0000137c      0x17b .\CortexM3\ARM_GCC_541\Debug\SDHD_Lab.a(UART_IntClock.o)
                                0x357 (size before relaxing)
 .debug_str     0x000014f7      0x142 .\CortexM3\ARM_GCC_541\Debug\SDHD_Lab.a(WaveDAC_DacClk.o)
                                0x363 (size before relaxing)
 .debug_str     0x00001639       0xe5 .\CortexM3\ARM_GCC_541\Debug\SDHD_Lab.a(WaveDAC_Wave1_DMA_dma.o)
                                0x2bd (size before relaxing)
 .debug_str     0x0000171e       0x68 .\CortexM3\ARM_GCC_541\Debug\SDHD_Lab.a(WaveDAC_Wave2_DMA_dma.o)
                                0x2bd (size before relaxing)
 .debug_str     0x00001786       0x73 .\CortexM3\ARM_GCC_541\Debug\SDHD_Lab.a(WaveDAC_VDAC8.o)
                                0x290 (size before relaxing)
 .debug_str     0x000017f9       0x5f .\CortexM3\ARM_GCC_541\Debug\SDHD_Lab.a(ADC_AMux.o)
                                0x220 (size before relaxing)
 .debug_str     0x00001858      0x12a .\CortexM3\ARM_GCC_541\Debug\SDHD_Lab.a(ADC_Ext_CP_Clk.o)
                                0x363 (size before relaxing)
 .debug_str     0x00001982      0x14f .\CortexM3\ARM_GCC_541\Debug\SDHD_Lab.a(ADC_theACLK.o)
                                0x382 (size before relaxing)
 .debug_str     0x00001ad1      0x2a1 .\CortexM3\ARM_GCC_541\Debug\SDHD_Lab.a(CyDmac.o)
                                0x56b (size before relaxing)
 .debug_str     0x00001d72      0x7bb .\CortexM3\ARM_GCC_541\Debug\SDHD_Lab.a(CyLib.o)
                                0xa68 (size before relaxing)
 .debug_str     0x0000252d      0x365 .\CortexM3\ARM_GCC_541\Debug\SDHD_Lab.a(cyPm.o)
                                0x754 (size before relaxing)
 .debug_str     0x00002892      0x1bb .\CortexM3\ARM_GCC_541\Debug\SDHD_Lab.a(CyFlash.o)
                                0x3e1 (size before relaxing)
 .debug_str     0x00002a4d       0xac .\CortexM3\ARM_GCC_541\Debug\SDHD_Lab.a(CySpc.o)
                                0x359 (size before relaxing)
 .debug_str     0x00002af9      0x2bb .\source\fft_application\libfft_application.a(fft_application.o)
                                0x3d0 (size before relaxing)
 .debug_str     0x00002db4       0xe6 .\source\fft_application\libfft_application.a(arm_rfft_q31.o)
                                0x390 (size before relaxing)
 .debug_str     0x00002e9a      0x132 .\source\fft_application\libfft_application.a(arm_rfft_init_q31.o)
                                0x479 (size before relaxing)
 .debug_str     0x00002fcc       0xd5 .\source\fft_application\libfft_application.a(arm_cfft_q31.o)
                                0x334 (size before relaxing)
 .debug_str     0x000030a1      0x104 .\source\fft_application\libfft_application.a(arm_cfft_radix4_q31.o)
                                0x37c (size before relaxing)
 .debug_str     0x000031a5      0x987 .\source\fft_application\libfft_application.a(arm_const_structs.o)
                                0xd0d (size before relaxing)
 .debug_str     0x00003b2c       0x92 .\source\fft_application\libfft_application.a(arm_common_tables.o)
                                0x6f2 (size before relaxing)

.debug_loc      0x00000000     0x5ae7
 *(.debug_loc)
 .debug_loc     0x00000000       0x5d .\CortexM3\ARM_GCC_541\Debug\main.o
 .debug_loc     0x0000005d      0x219 .\CortexM3\ARM_GCC_541\Debug\cyfitter_cfg.o
 .debug_loc     0x00000276      0x144 .\CortexM3\ARM_GCC_541\Debug\Cm3Start.o
 .debug_loc     0x000003ba      0x258 .\CortexM3\ARM_GCC_541\Debug\SDHD_Lab.a(UART.o)
 .debug_loc     0x00000612       0x42 .\CortexM3\ARM_GCC_541\Debug\SDHD_Lab.a(Green_LED.o)
 .debug_loc     0x00000654       0x42 .\CortexM3\ARM_GCC_541\Debug\SDHD_Lab.a(Yellow_LED.o)
 .debug_loc     0x00000696       0x42 .\CortexM3\ARM_GCC_541\Debug\SDHD_Lab.a(Red_LED.o)
 .debug_loc     0x000006d8       0x84 .\CortexM3\ARM_GCC_541\Debug\SDHD_Lab.a(Push_button.o)
 .debug_loc     0x0000075c       0x56 .\CortexM3\ARM_GCC_541\Debug\SDHD_Lab.a(isr_button.o)
 .debug_loc     0x000007b2       0x56 .\CortexM3\ARM_GCC_541\Debug\SDHD_Lab.a(isr_UART.o)
 .debug_loc     0x00000808      0x11b .\CortexM3\ARM_GCC_541\Debug\SDHD_Lab.a(WaveDAC.o)
 .debug_loc     0x00000923      0x681 .\CortexM3\ARM_GCC_541\Debug\SDHD_Lab.a(ADC.o)
 .debug_loc     0x00000fa4      0x128 .\CortexM3\ARM_GCC_541\Debug\SDHD_Lab.a(UART_IntClock.o)
 .debug_loc     0x000010cc      0x128 .\CortexM3\ARM_GCC_541\Debug\SDHD_Lab.a(WaveDAC_DacClk.o)
 .debug_loc     0x000011f4       0x84 .\CortexM3\ARM_GCC_541\Debug\SDHD_Lab.a(WaveDAC_Wave1_DMA_dma.o)
 .debug_loc     0x00001278       0x84 .\CortexM3\ARM_GCC_541\Debug\SDHD_Lab.a(WaveDAC_Wave2_DMA_dma.o)
 .debug_loc     0x000012fc       0x79 .\CortexM3\ARM_GCC_541\Debug\SDHD_Lab.a(WaveDAC_VDAC8.o)
 .debug_loc     0x00001375       0x6c .\CortexM3\ARM_GCC_541\Debug\SDHD_Lab.a(ADC_AMux.o)
 .debug_loc     0x000013e1      0x12c .\CortexM3\ARM_GCC_541\Debug\SDHD_Lab.a(ADC_Ext_CP_Clk.o)
 .debug_loc     0x0000150d      0x14d .\CortexM3\ARM_GCC_541\Debug\SDHD_Lab.a(ADC_theACLK.o)
 .debug_loc     0x0000165a      0xb8e .\CortexM3\ARM_GCC_541\Debug\SDHD_Lab.a(CyDmac.o)
 .debug_loc     0x000021e8      0xa11 .\CortexM3\ARM_GCC_541\Debug\SDHD_Lab.a(CyLib.o)
 .debug_loc     0x00002bf9      0x1e4 .\CortexM3\ARM_GCC_541\Debug\SDHD_Lab.a(cyPm.o)
 .debug_loc     0x00002ddd      0x3b2 .\CortexM3\ARM_GCC_541\Debug\SDHD_Lab.a(CyFlash.o)
 .debug_loc     0x0000318f      0x705 .\CortexM3\ARM_GCC_541\Debug\SDHD_Lab.a(CySpc.o)
 .debug_loc     0x00003894       0xa6 .\source\fft_application\libfft_application.a(fft_application.o)
 .debug_loc     0x0000393a      0x71b .\source\fft_application\libfft_application.a(arm_rfft_q31.o)
 .debug_loc     0x00004055      0x244 .\source\fft_application\libfft_application.a(arm_rfft_init_q31.o)
 .debug_loc     0x00004299      0x4d4 .\source\fft_application\libfft_application.a(arm_cfft_q31.o)
 .debug_loc     0x0000476d     0x137a .\source\fft_application\libfft_application.a(arm_cfft_radix4_q31.o)

.debug_macinfo
 *(.debug_macinfo)

.debug_ranges   0x00000000      0xbd8
 *(.debug_ranges)
 .debug_ranges  0x00000000       0x28 .\CortexM3\ARM_GCC_541\Debug\main.o
 .debug_ranges  0x00000028       0x58 .\CortexM3\ARM_GCC_541\Debug\cyfitter_cfg.o
 .debug_ranges  0x00000080       0x38 .\CortexM3\ARM_GCC_541\Debug\Cm3Start.o
 .debug_ranges  0x000000b8       0xe0 .\CortexM3\ARM_GCC_541\Debug\SDHD_Lab.a(UART.o)
 .debug_ranges  0x00000198       0x28 .\CortexM3\ARM_GCC_541\Debug\SDHD_Lab.a(Green_LED.o)
 .debug_ranges  0x000001c0       0x28 .\CortexM3\ARM_GCC_541\Debug\SDHD_Lab.a(Yellow_LED.o)
 .debug_ranges  0x000001e8       0x28 .\CortexM3\ARM_GCC_541\Debug\SDHD_Lab.a(Red_LED.o)
 .debug_ranges  0x00000210       0x38 .\CortexM3\ARM_GCC_541\Debug\SDHD_Lab.a(Push_button.o)
 .debug_ranges  0x00000248       0x70 .\CortexM3\ARM_GCC_541\Debug\SDHD_Lab.a(isr_button.o)
 .debug_ranges  0x000002b8       0x70 .\CortexM3\ARM_GCC_541\Debug\SDHD_Lab.a(isr_UART.o)
 .debug_ranges  0x00000328       0x40 .\CortexM3\ARM_GCC_541\Debug\SDHD_Lab.a(WaveDAC.o)
 .debug_ranges  0x00000368       0xd8 .\CortexM3\ARM_GCC_541\Debug\SDHD_Lab.a(ADC.o)
 .debug_ranges  0x00000440       0x28 .\CortexM3\ARM_GCC_541\Debug\SDHD_Lab.a(ADC_INT.o)
 .debug_ranges  0x00000468       0x60 .\CortexM3\ARM_GCC_541\Debug\SDHD_Lab.a(UART_IntClock.o)
 .debug_ranges  0x000004c8       0x60 .\CortexM3\ARM_GCC_541\Debug\SDHD_Lab.a(WaveDAC_DacClk.o)
 .debug_ranges  0x00000528       0x18 .\CortexM3\ARM_GCC_541\Debug\SDHD_Lab.a(WaveDAC_Wave1_DMA_dma.o)
 .debug_ranges  0x00000540       0x18 .\CortexM3\ARM_GCC_541\Debug\SDHD_Lab.a(WaveDAC_Wave2_DMA_dma.o)
 .debug_ranges  0x00000558       0x48 .\CortexM3\ARM_GCC_541\Debug\SDHD_Lab.a(WaveDAC_VDAC8.o)
 .debug_ranges  0x000005a0       0x20 .\CortexM3\ARM_GCC_541\Debug\SDHD_Lab.a(ADC_AMux.o)
 .debug_ranges  0x000005c0       0x60 .\CortexM3\ARM_GCC_541\Debug\SDHD_Lab.a(ADC_Ext_CP_Clk.o)
 .debug_ranges  0x00000620       0x70 .\CortexM3\ARM_GCC_541\Debug\SDHD_Lab.a(ADC_theACLK.o)
 .debug_ranges  0x00000690       0xc8 .\CortexM3\ARM_GCC_541\Debug\SDHD_Lab.a(CyDmac.o)
 .debug_ranges  0x00000758      0x290 .\CortexM3\ARM_GCC_541\Debug\SDHD_Lab.a(CyLib.o)
 .debug_ranges  0x000009e8       0x88 .\CortexM3\ARM_GCC_541\Debug\SDHD_Lab.a(cyPm.o)
 .debug_ranges  0x00000a70       0x78 .\CortexM3\ARM_GCC_541\Debug\SDHD_Lab.a(CyFlash.o)
 .debug_ranges  0x00000ae8       0x70 .\CortexM3\ARM_GCC_541\Debug\SDHD_Lab.a(CySpc.o)
 .debug_ranges  0x00000b58       0x10 .\source\fft_application\libfft_application.a(fft_application.o)
 .debug_ranges  0x00000b68       0x20 .\source\fft_application\libfft_application.a(arm_rfft_q31.o)
 .debug_ranges  0x00000b88       0x10 .\source\fft_application\libfft_application.a(arm_rfft_init_q31.o)
 .debug_ranges  0x00000b98       0x20 .\source\fft_application\libfft_application.a(arm_cfft_q31.o)
 .debug_ranges  0x00000bb8       0x20 .\source\fft_application\libfft_application.a(arm_cfft_radix4_q31.o)

.comment        0x00000000       0x6e
 .comment       0x00000000       0x6e .\CortexM3\ARM_GCC_541\Debug\main.o
                                 0x6f (size before relaxing)
 .comment       0x0000006e       0x6f .\CortexM3\ARM_GCC_541\Debug\cyfitter_cfg.o
 .comment       0x0000006e       0x6f .\CortexM3\ARM_GCC_541\Debug\cymetadata.o
 .comment       0x0000006e       0x6f .\CortexM3\ARM_GCC_541\Debug\Cm3Start.o
 .comment       0x0000006e       0x6f .\CortexM3\ARM_GCC_541\Debug\SDHD_Lab.a(UART.o)
 .comment       0x0000006e       0x6f .\CortexM3\ARM_GCC_541\Debug\SDHD_Lab.a(Green_LED.o)
 .comment       0x0000006e       0x6f .\CortexM3\ARM_GCC_541\Debug\SDHD_Lab.a(Yellow_LED.o)
 .comment       0x0000006e       0x6f .\CortexM3\ARM_GCC_541\Debug\SDHD_Lab.a(Red_LED.o)
 .comment       0x0000006e       0x6f .\CortexM3\ARM_GCC_541\Debug\SDHD_Lab.a(Push_button.o)
 .comment       0x0000006e       0x6f .\CortexM3\ARM_GCC_541\Debug\SDHD_Lab.a(isr_button.o)
 .comment       0x0000006e       0x6f .\CortexM3\ARM_GCC_541\Debug\SDHD_Lab.a(isr_UART.o)
 .comment       0x0000006e       0x6f .\CortexM3\ARM_GCC_541\Debug\SDHD_Lab.a(WaveDAC.o)
 .comment       0x0000006e       0x6f .\CortexM3\ARM_GCC_541\Debug\SDHD_Lab.a(ADC.o)
 .comment       0x0000006e       0x6f .\CortexM3\ARM_GCC_541\Debug\SDHD_Lab.a(ADC_INT.o)
 .comment       0x0000006e       0x6f .\CortexM3\ARM_GCC_541\Debug\SDHD_Lab.a(UART_IntClock.o)
 .comment       0x0000006e       0x6f .\CortexM3\ARM_GCC_541\Debug\SDHD_Lab.a(WaveDAC_DacClk.o)
 .comment       0x0000006e       0x6f .\CortexM3\ARM_GCC_541\Debug\SDHD_Lab.a(WaveDAC_Wave1_DMA_dma.o)
 .comment       0x0000006e       0x6f .\CortexM3\ARM_GCC_541\Debug\SDHD_Lab.a(WaveDAC_Wave2_DMA_dma.o)
 .comment       0x0000006e       0x6f .\CortexM3\ARM_GCC_541\Debug\SDHD_Lab.a(WaveDAC_VDAC8.o)
 .comment       0x0000006e       0x6f .\CortexM3\ARM_GCC_541\Debug\SDHD_Lab.a(ADC_AMux.o)
 .comment       0x0000006e       0x6f .\CortexM3\ARM_GCC_541\Debug\SDHD_Lab.a(ADC_Ext_CP_Clk.o)
 .comment       0x0000006e       0x6f .\CortexM3\ARM_GCC_541\Debug\SDHD_Lab.a(ADC_theACLK.o)
 .comment       0x0000006e       0x6f .\CortexM3\ARM_GCC_541\Debug\SDHD_Lab.a(CyDmac.o)
 .comment       0x0000006e       0x6f .\CortexM3\ARM_GCC_541\Debug\SDHD_Lab.a(CyLib.o)
 .comment       0x0000006e       0x6f .\CortexM3\ARM_GCC_541\Debug\SDHD_Lab.a(cyPm.o)
 .comment       0x0000006e       0x6f .\CortexM3\ARM_GCC_541\Debug\SDHD_Lab.a(CyFlash.o)
 .comment       0x0000006e       0x6f .\CortexM3\ARM_GCC_541\Debug\SDHD_Lab.a(CySpc.o)
 .comment       0x0000006e       0x6f .\source\fft_application\libfft_application.a(fft_application.o)
 .comment       0x0000006e       0x6f .\source\fft_application\libfft_application.a(arm_rfft_q31.o)
 .comment       0x0000006e       0x6f .\source\fft_application\libfft_application.a(arm_rfft_init_q31.o)
 .comment       0x0000006e       0x6f .\source\fft_application\libfft_application.a(arm_cfft_q31.o)
 .comment       0x0000006e       0x6f .\source\fft_application\libfft_application.a(arm_cfft_radix4_q31.o)
 .comment       0x0000006e       0x6f .\source\fft_application\libfft_application.a(arm_const_structs.o)
 .comment       0x0000006e       0x6f .\source\fft_application\libfft_application.a(arm_common_tables.o)

.debug_weaknames
 *(.debug_weaknames)

.debug_funcnames
 *(.debug_funcnames)

.debug_typenames
 *(.debug_typenames)

.debug_varnames
 *(.debug_varnames)

.note.gnu.arm.ident
 *(.note.gnu.arm.ident)

.ARM.attributes
                0x00000000       0x29
 *(.ARM.attributes)
 .ARM.attributes
                0x00000000       0x1d c:/program files (x86)/cypress/psoc creator/4.4/psoc creator/import/gnu/arm/5.4.1/bin/../lib/gcc/arm-none-eabi/5.4.1/armv7-m/crti.o
 .ARM.attributes
                0x0000001d       0x2d c:/program files (x86)/cypress/psoc creator/4.4/psoc creator/import/gnu/arm/5.4.1/bin/../lib/gcc/arm-none-eabi/5.4.1/armv7-m/crtbegin.o
 .ARM.attributes
                0x0000004a       0x1b c:/program files (x86)/cypress/psoc creator/4.4/psoc creator/import/gnu/arm/5.4.1/bin/../lib/gcc/arm-none-eabi/5.4.1/../../../../arm-none-eabi/lib/armv7-m/crt0.o
 .ARM.attributes
                0x00000065       0x33 .\CortexM3\ARM_GCC_541\Debug\main.o
 .ARM.attributes
                0x00000098       0x33 .\CortexM3\ARM_GCC_541\Debug\cyfitter_cfg.o
 .ARM.attributes
                0x000000cb       0x33 .\CortexM3\ARM_GCC_541\Debug\cymetadata.o
 .ARM.attributes
                0x000000fe       0x33 .\CortexM3\ARM_GCC_541\Debug\Cm3Start.o
 .ARM.attributes
                0x00000131       0x33 .\CortexM3\ARM_GCC_541\Debug\SDHD_Lab.a(UART.o)
 .ARM.attributes
                0x00000164       0x33 .\CortexM3\ARM_GCC_541\Debug\SDHD_Lab.a(Green_LED.o)
 .ARM.attributes
                0x00000197       0x33 .\CortexM3\ARM_GCC_541\Debug\SDHD_Lab.a(Yellow_LED.o)
 .ARM.attributes
                0x000001ca       0x33 .\CortexM3\ARM_GCC_541\Debug\SDHD_Lab.a(Red_LED.o)
 .ARM.attributes
                0x000001fd       0x33 .\CortexM3\ARM_GCC_541\Debug\SDHD_Lab.a(Push_button.o)
 .ARM.attributes
                0x00000230       0x33 .\CortexM3\ARM_GCC_541\Debug\SDHD_Lab.a(isr_button.o)
 .ARM.attributes
                0x00000263       0x33 .\CortexM3\ARM_GCC_541\Debug\SDHD_Lab.a(isr_UART.o)
 .ARM.attributes
                0x00000296       0x33 .\CortexM3\ARM_GCC_541\Debug\SDHD_Lab.a(WaveDAC.o)
 .ARM.attributes
                0x000002c9       0x33 .\CortexM3\ARM_GCC_541\Debug\SDHD_Lab.a(ADC.o)
 .ARM.attributes
                0x000002fc       0x33 .\CortexM3\ARM_GCC_541\Debug\SDHD_Lab.a(ADC_INT.o)
 .ARM.attributes
                0x0000032f       0x33 .\CortexM3\ARM_GCC_541\Debug\SDHD_Lab.a(UART_IntClock.o)
 .ARM.attributes
                0x00000362       0x33 .\CortexM3\ARM_GCC_541\Debug\SDHD_Lab.a(WaveDAC_DacClk.o)
 .ARM.attributes
                0x00000395       0x33 .\CortexM3\ARM_GCC_541\Debug\SDHD_Lab.a(WaveDAC_Wave1_DMA_dma.o)
 .ARM.attributes
                0x000003c8       0x33 .\CortexM3\ARM_GCC_541\Debug\SDHD_Lab.a(WaveDAC_Wave2_DMA_dma.o)
 .ARM.attributes
                0x000003fb       0x33 .\CortexM3\ARM_GCC_541\Debug\SDHD_Lab.a(WaveDAC_VDAC8.o)
 .ARM.attributes
                0x0000042e       0x33 .\CortexM3\ARM_GCC_541\Debug\SDHD_Lab.a(ADC_AMux.o)
 .ARM.attributes
                0x00000461       0x33 .\CortexM3\ARM_GCC_541\Debug\SDHD_Lab.a(ADC_Ext_CP_Clk.o)
 .ARM.attributes
                0x00000494       0x33 .\CortexM3\ARM_GCC_541\Debug\SDHD_Lab.a(ADC_theACLK.o)
 .ARM.attributes
                0x000004c7       0x33 .\CortexM3\ARM_GCC_541\Debug\SDHD_Lab.a(CyDmac.o)
 .ARM.attributes
                0x000004fa       0x33 .\CortexM3\ARM_GCC_541\Debug\SDHD_Lab.a(CyLib.o)
 .ARM.attributes
                0x0000052d       0x33 .\CortexM3\ARM_GCC_541\Debug\SDHD_Lab.a(cyPm.o)
 .ARM.attributes
                0x00000560       0x21 .\CortexM3\ARM_GCC_541\Debug\SDHD_Lab.a(CyBootAsmGnu.o)
 .ARM.attributes
                0x00000581       0x33 .\CortexM3\ARM_GCC_541\Debug\SDHD_Lab.a(CyFlash.o)
 .ARM.attributes
                0x000005b4       0x33 .\CortexM3\ARM_GCC_541\Debug\SDHD_Lab.a(CySpc.o)
 .ARM.attributes
                0x000005e7       0x33 .\source\fft_application\libfft_application.a(fft_application.o)
 .ARM.attributes
                0x0000061a       0x33 .\source\fft_application\libfft_application.a(arm_rfft_q31.o)
 .ARM.attributes
                0x0000064d       0x33 .\source\fft_application\libfft_application.a(arm_rfft_init_q31.o)
 .ARM.attributes
                0x00000680       0x33 .\source\fft_application\libfft_application.a(arm_cfft_q31.o)
 .ARM.attributes
                0x000006b3       0x33 .\source\fft_application\libfft_application.a(arm_cfft_radix4_q31.o)
 .ARM.attributes
                0x000006e6       0x33 .\source\fft_application\libfft_application.a(arm_const_structs.o)
 .ARM.attributes
                0x00000719       0x21 .\source\fft_application\libfft_application.a(arm_bitreversal2.o)
 .ARM.attributes
                0x0000073a       0x33 .\source\fft_application\libfft_application.a(arm_common_tables.o)
 .ARM.attributes
                0x0000076d       0x1d c:/program files (x86)/cypress/psoc creator/4.4/psoc creator/import/gnu/arm/5.4.1/bin/../lib/gcc/arm-none-eabi/5.4.1/armv7-m\libgcc.a(_arm_addsubdf3.o)
 .ARM.attributes
                0x0000078a       0x1d c:/program files (x86)/cypress/psoc creator/4.4/psoc creator/import/gnu/arm/5.4.1/bin/../lib/gcc/arm-none-eabi/5.4.1/armv7-m\libgcc.a(_arm_cmpdf2.o)
 .ARM.attributes
                0x000007a7       0x1d c:/program files (x86)/cypress/psoc creator/4.4/psoc creator/import/gnu/arm/5.4.1/bin/../lib/gcc/arm-none-eabi/5.4.1/armv7-m\libgcc.a(_arm_addsubsf3.o)
 .ARM.attributes
                0x000007c4       0x1d c:/program files (x86)/cypress/psoc creator/4.4/psoc creator/import/gnu/arm/5.4.1/bin/../lib/gcc/arm-none-eabi/5.4.1/armv7-m\libgcc.a(_arm_muldivsf3.o)
 .ARM.attributes
                0x000007e1       0x1d c:/program files (x86)/cypress/psoc creator/4.4/psoc creator/import/gnu/arm/5.4.1/bin/../lib/gcc/arm-none-eabi/5.4.1/armv7-m\libgcc.a(_arm_fixunssfsi.o)
 .ARM.attributes
                0x000007fe       0x2d c:/program files (x86)/cypress/psoc creator/4.4/psoc creator/import/gnu/arm/5.4.1/bin/../lib/gcc/arm-none-eabi/5.4.1/../../../../arm-none-eabi/lib/armv7-m\libg_nano.a(lib_a-errno.o)
 .ARM.attributes
                0x0000082b       0x2d c:/program files (x86)/cypress/psoc creator/4.4/psoc creator/import/gnu/arm/5.4.1/bin/../lib/gcc/arm-none-eabi/5.4.1/../../../../arm-none-eabi/lib/armv7-m\libg_nano.a(lib_a-exit.o)
 .ARM.attributes
                0x00000858       0x2d c:/program files (x86)/cypress/psoc creator/4.4/psoc creator/import/gnu/arm/5.4.1/bin/../lib/gcc/arm-none-eabi/5.4.1/../../../../arm-none-eabi/lib/armv7-m\libg_nano.a(lib_a-impure.o)
 .ARM.attributes
                0x00000885       0x2d c:/program files (x86)/cypress/psoc creator/4.4/psoc creator/import/gnu/arm/5.4.1/bin/../lib/gcc/arm-none-eabi/5.4.1/../../../../arm-none-eabi/lib/armv7-m\libg_nano.a(lib_a-init.o)
 .ARM.attributes
                0x000008b2       0x2d c:/program files (x86)/cypress/psoc creator/4.4/psoc creator/import/gnu/arm/5.4.1/bin/../lib/gcc/arm-none-eabi/5.4.1/../../../../arm-none-eabi/lib/armv7-m\libg_nano.a(lib_a-malloc.o)
 .ARM.attributes
                0x000008df       0x2d c:/program files (x86)/cypress/psoc creator/4.4/psoc creator/import/gnu/arm/5.4.1/bin/../lib/gcc/arm-none-eabi/5.4.1/../../../../arm-none-eabi/lib/armv7-m\libg_nano.a(lib_a-memcpy-stub.o)
 .ARM.attributes
                0x0000090c       0x2d c:/program files (x86)/cypress/psoc creator/4.4/psoc creator/import/gnu/arm/5.4.1/bin/../lib/gcc/arm-none-eabi/5.4.1/../../../../arm-none-eabi/lib/armv7-m\libg_nano.a(lib_a-memset.o)
 .ARM.attributes
                0x00000939       0x2d c:/program files (x86)/cypress/psoc creator/4.4/psoc creator/import/gnu/arm/5.4.1/bin/../lib/gcc/arm-none-eabi/5.4.1/../../../../arm-none-eabi/lib/armv7-m\libg_nano.a(lib_a-nano-freer.o)
 .ARM.attributes
                0x00000966       0x2d c:/program files (x86)/cypress/psoc creator/4.4/psoc creator/import/gnu/arm/5.4.1/bin/../lib/gcc/arm-none-eabi/5.4.1/../../../../arm-none-eabi/lib/armv7-m\libg_nano.a(lib_a-nano-mallocr.o)
 .ARM.attributes
                0x00000993       0x2d c:/program files (x86)/cypress/psoc creator/4.4/psoc creator/import/gnu/arm/5.4.1/bin/../lib/gcc/arm-none-eabi/5.4.1/../../../../arm-none-eabi/lib/armv7-m\libg_nano.a(lib_a-sbrkr.o)
 .ARM.attributes
                0x000009c0       0x2d c:/program files (x86)/cypress/psoc creator/4.4/psoc creator/import/gnu/arm/5.4.1/bin/../lib/gcc/arm-none-eabi/5.4.1/../../../../arm-none-eabi/lib/armv7-m\libg_nano.a(lib_a-mlock.o)
 .ARM.attributes
                0x000009ed       0x2d c:/program files (x86)/cypress/psoc creator/4.4/psoc creator/import/gnu/arm/5.4.1/bin/../lib/gcc/arm-none-eabi/5.4.1/../../../../arm-none-eabi/lib/armv7-m\libg_nano.a(lib_a-reent.o)
 .ARM.attributes
                0x00000a1a       0x2d c:/program files (x86)/cypress/psoc creator/4.4/psoc creator/import/gnu/arm/5.4.1/bin/../lib/gcc/arm-none-eabi/5.4.1/armv7-m/crtend.o
 .ARM.attributes
                0x00000a47       0x1d c:/program files (x86)/cypress/psoc creator/4.4/psoc creator/import/gnu/arm/5.4.1/bin/../lib/gcc/arm-none-eabi/5.4.1/armv7-m/crtn.o

/DISCARD/
 *(.note.GNU-stack)
OUTPUT(D:\h_da\sem2\sdhd\lab2\our\review\Software_Review_Group_C3\Software_Review_Group_C3\SDHD_Lab.cydsn\CortexM3\ARM_GCC_541\Debug\SDHD_Lab.elf elf32-littlearm)
